Archive member included to satisfy reference by file (symbol)

C:/ST/STM32CubeCLT_1.18.0/GNU-tools-for-STM32/bin/../lib/gcc/arm-none-eabi/13.3.1/../../../../arm-none-eabi/lib/thumb/v7-m/nofp\libc_nano.a(libc_a-exit.o)
                              C:/ST/STM32CubeCLT_1.18.0/GNU-tools-for-STM32/bin/../lib/gcc/arm-none-eabi/13.3.1/../../../../arm-none-eabi/lib/thumb/v7-m/nofp/crt0.o (exit)
C:/ST/STM32CubeCLT_1.18.0/GNU-tools-for-STM32/bin/../lib/gcc/arm-none-eabi/13.3.1/../../../../arm-none-eabi/lib/thumb/v7-m/nofp\libc_nano.a(libc_a-findfp.o)
                              C:/ST/STM32CubeCLT_1.18.0/GNU-tools-for-STM32/bin/../lib/gcc/arm-none-eabi/13.3.1/../../../../arm-none-eabi/lib/thumb/v7-m/nofp\libc_nano.a(libc_a-exit.o) (__stdio_exit_handler)
C:/ST/STM32CubeCLT_1.18.0/GNU-tools-for-STM32/bin/../lib/gcc/arm-none-eabi/13.3.1/../../../../arm-none-eabi/lib/thumb/v7-m/nofp\libc_nano.a(libc_a-fwalk.o)
                              C:/ST/STM32CubeCLT_1.18.0/GNU-tools-for-STM32/bin/../lib/gcc/arm-none-eabi/13.3.1/../../../../arm-none-eabi/lib/thumb/v7-m/nofp\libc_nano.a(libc_a-findfp.o) (_fwalk_sglue)
C:/ST/STM32CubeCLT_1.18.0/GNU-tools-for-STM32/bin/../lib/gcc/arm-none-eabi/13.3.1/../../../../arm-none-eabi/lib/thumb/v7-m/nofp\libc_nano.a(libc_a-putchar.o)
                              build/main.o (putchar)
C:/ST/STM32CubeCLT_1.18.0/GNU-tools-for-STM32/bin/../lib/gcc/arm-none-eabi/13.3.1/../../../../arm-none-eabi/lib/thumb/v7-m/nofp\libc_nano.a(libc_a-puts.o)
                              build/main.o (puts)
C:/ST/STM32CubeCLT_1.18.0/GNU-tools-for-STM32/bin/../lib/gcc/arm-none-eabi/13.3.1/../../../../arm-none-eabi/lib/thumb/v7-m/nofp\libc_nano.a(libc_a-sprintf.o)
                              build/main.o (sprintf)
C:/ST/STM32CubeCLT_1.18.0/GNU-tools-for-STM32/bin/../lib/gcc/arm-none-eabi/13.3.1/../../../../arm-none-eabi/lib/thumb/v7-m/nofp\libc_nano.a(libc_a-stdio.o)
                              C:/ST/STM32CubeCLT_1.18.0/GNU-tools-for-STM32/bin/../lib/gcc/arm-none-eabi/13.3.1/../../../../arm-none-eabi/lib/thumb/v7-m/nofp\libc_nano.a(libc_a-findfp.o) (__sread)
C:/ST/STM32CubeCLT_1.18.0/GNU-tools-for-STM32/bin/../lib/gcc/arm-none-eabi/13.3.1/../../../../arm-none-eabi/lib/thumb/v7-m/nofp\libc_nano.a(libc_a-wbuf.o)
                              C:/ST/STM32CubeCLT_1.18.0/GNU-tools-for-STM32/bin/../lib/gcc/arm-none-eabi/13.3.1/../../../../arm-none-eabi/lib/thumb/v7-m/nofp\libc_nano.a(libc_a-puts.o) (__swbuf_r)
C:/ST/STM32CubeCLT_1.18.0/GNU-tools-for-STM32/bin/../lib/gcc/arm-none-eabi/13.3.1/../../../../arm-none-eabi/lib/thumb/v7-m/nofp\libc_nano.a(libc_a-wsetup.o)
                              C:/ST/STM32CubeCLT_1.18.0/GNU-tools-for-STM32/bin/../lib/gcc/arm-none-eabi/13.3.1/../../../../arm-none-eabi/lib/thumb/v7-m/nofp\libc_nano.a(libc_a-puts.o) (__swsetup_r)
C:/ST/STM32CubeCLT_1.18.0/GNU-tools-for-STM32/bin/../lib/gcc/arm-none-eabi/13.3.1/../../../../arm-none-eabi/lib/thumb/v7-m/nofp\libc_nano.a(libc_a-memset.o)
                              C:/ST/STM32CubeCLT_1.18.0/GNU-tools-for-STM32/bin/../lib/gcc/arm-none-eabi/13.3.1/../../../../arm-none-eabi/lib/thumb/v7-m/nofp/crt0.o (memset)
C:/ST/STM32CubeCLT_1.18.0/GNU-tools-for-STM32/bin/../lib/gcc/arm-none-eabi/13.3.1/../../../../arm-none-eabi/lib/thumb/v7-m/nofp\libc_nano.a(libc_a-closer.o)
                              C:/ST/STM32CubeCLT_1.18.0/GNU-tools-for-STM32/bin/../lib/gcc/arm-none-eabi/13.3.1/../../../../arm-none-eabi/lib/thumb/v7-m/nofp\libc_nano.a(libc_a-stdio.o) (_close_r)
C:/ST/STM32CubeCLT_1.18.0/GNU-tools-for-STM32/bin/../lib/gcc/arm-none-eabi/13.3.1/../../../../arm-none-eabi/lib/thumb/v7-m/nofp\libc_nano.a(libc_a-reent.o)
                              C:/ST/STM32CubeCLT_1.18.0/GNU-tools-for-STM32/bin/../lib/gcc/arm-none-eabi/13.3.1/../../../../arm-none-eabi/lib/thumb/v7-m/nofp\libc_nano.a(libc_a-closer.o) (errno)
C:/ST/STM32CubeCLT_1.18.0/GNU-tools-for-STM32/bin/../lib/gcc/arm-none-eabi/13.3.1/../../../../arm-none-eabi/lib/thumb/v7-m/nofp\libc_nano.a(libc_a-impure.o)
                              C:/ST/STM32CubeCLT_1.18.0/GNU-tools-for-STM32/bin/../lib/gcc/arm-none-eabi/13.3.1/../../../../arm-none-eabi/lib/thumb/v7-m/nofp\libc_nano.a(libc_a-putchar.o) (_impure_ptr)
C:/ST/STM32CubeCLT_1.18.0/GNU-tools-for-STM32/bin/../lib/gcc/arm-none-eabi/13.3.1/../../../../arm-none-eabi/lib/thumb/v7-m/nofp\libc_nano.a(libc_a-lseekr.o)
                              C:/ST/STM32CubeCLT_1.18.0/GNU-tools-for-STM32/bin/../lib/gcc/arm-none-eabi/13.3.1/../../../../arm-none-eabi/lib/thumb/v7-m/nofp\libc_nano.a(libc_a-stdio.o) (_lseek_r)
C:/ST/STM32CubeCLT_1.18.0/GNU-tools-for-STM32/bin/../lib/gcc/arm-none-eabi/13.3.1/../../../../arm-none-eabi/lib/thumb/v7-m/nofp\libc_nano.a(libc_a-readr.o)
                              C:/ST/STM32CubeCLT_1.18.0/GNU-tools-for-STM32/bin/../lib/gcc/arm-none-eabi/13.3.1/../../../../arm-none-eabi/lib/thumb/v7-m/nofp\libc_nano.a(libc_a-stdio.o) (_read_r)
[...]
Memory Configuration

Name             Origin             Length             Attributes
RAM              0x20000000         0x00005000         xrw
FLASH            0x08000000         0x00010000         xr
*default*        0x00000000         0xffffffff

Linker script and memory map

LOAD C:/ST/STM32CubeCLT_1.18.0/GNU-tools-for-STM32/bin/../lib/gcc/arm-none-eabi/13.3.1/thumb/v7-m/nofp/crti.o
LOAD C:/ST/STM32CubeCLT_1.18.0/GNU-tools-for-STM32/bin/../lib/gcc/arm-none-eabi/13.3.1/thumb/v7-m/nofp/crtbegin.o
LOAD C:/ST/STM32CubeCLT_1.18.0/GNU-tools-for-STM32/bin/../lib/gcc/arm-none-eabi/13.3.1/../../../../arm-none-eabi/lib/thumb/v7-m/nofp/crt0.o
LOAD build/main.o
LOAD build/stm32f1xx_it.o
LOAD build/stm32f1xx_hal_msp.o
LOAD build/usb_device.o
LOAD build/usbd_desc.o
LOAD build/usbd_cdc_if.o
LOAD build/usbd_conf.o
LOAD build/stm32f1xx_hal_gpio_ex.o
LOAD build/stm32f1xx_hal_pcd.o
LOAD build/stm32f1xx_hal_pcd_ex.o
LOAD build/stm32f1xx_ll_usb.o
LOAD build/stm32f1xx_hal.o
LOAD build/stm32f1xx_hal_rcc.o
LOAD build/stm32f1xx_hal_rcc_ex.o
LOAD build/stm32f1xx_hal_gpio.o
LOAD build/stm32f1xx_hal_dma.o
LOAD build/stm32f1xx_hal_cortex.o
LOAD build/stm32f1xx_hal_pwr.o
LOAD build/stm32f1xx_hal_flash.o
LOAD build/stm32f1xx_hal_flash_ex.o
LOAD build/stm32f1xx_hal_exti.o
LOAD build/stm32f1xx_hal_tim.o
LOAD build/stm32f1xx_hal_tim_ex.o
LOAD build/stm32f1xx_hal_uart.o
LOAD build/system_stm32f1xx.o
LOAD build/usbd_core.o
LOAD build/usbd_ctlreq.o
LOAD build/usbd_ioreq.o
LOAD build/usbd_cdc.o
LOAD build/startup_stm32f103xb.o
LOAD C:/ST/STM32CubeCLT_1.18.0/GNU-tools-for-STM32/bin/../lib/gcc/arm-none-eabi/13.3.1/../../../../arm-none-eabi/lib/thumb/v7-m/nofp\libc_nano.a
LOAD C:/ST/STM32CubeCLT_1.18.0/GNU-tools-for-STM32/bin/../lib/gcc/arm-none-eabi/13.3.1/../../../../arm-none-eabi/lib/thumb/v7-m/nofp\libm.a
LOAD C:/ST/STM32CubeCLT_1.18.0/GNU-tools-for-STM32/bin/../lib/gcc/arm-none-eabi/13.3.1/../../../../arm-none-eabi/lib/thumb/v7-m/nofp\libnosys.a
START GROUP
LOAD C:/ST/STM32CubeCLT_1.18.0/GNU-tools-for-STM32/bin/../lib/gcc/arm-none-eabi/13.3.1/thumb/v7-m/nofp\libgcc.a
LOAD C:/ST/STM32CubeCLT_1.18.0/GNU-tools-for-STM32/bin/../lib/gcc/arm-none-eabi/13.3.1/../../../../arm-none-eabi/lib/thumb/v7-m/nofp\libc_nano.a
END GROUP
START GROUP
LOAD C:/ST/STM32CubeCLT_1.18.0/GNU-tools-for-STM32/bin/../lib/gcc/arm-none-eabi/13.3.1/thumb/v7-m/nofp\libgcc.a
LOAD C:/ST/STM32CubeCLT_1.18.0/GNU-tools-for-STM32/bin/../lib/gcc/arm-none-eabi/13.3.1/../../../../arm-none-eabi/lib/thumb/v7-m/nofp\libc_nano.a
END GROUP
LOAD C:/ST/STM32CubeCLT_1.18.0/GNU-tools-for-STM32/bin/../lib/gcc/arm-none-eabi/13.3.1/thumb/v7-m/nofp/crtend.o
LOAD C:/ST/STM32CubeCLT_1.18.0/GNU-tools-for-STM32/bin/../lib/gcc/arm-none-eabi/13.3.1/thumb/v7-m/nofp/crtn.o
                0x20005000                        _estack = (ORIGIN (RAM) + LENGTH (RAM))
                0x00000200                        _Min_Heap_Size = 0x200
                0x00000400                        _Min_Stack_Size = 0x400

.isr_vector     0x08000000      0x10c
                0x08000000                        . = ALIGN (0x4)
 *(.isr_vector)
 .isr_vector    0x08000000      0x10c build/startup_stm32f103xb.o
                0x08000000                g_pfnVectors
                0x0800010c                        . = ALIGN (0x4)

.text           0x0800010c     0x6018
                0x0800010c                        . = ALIGN (0x4)
 *(.text)
 .text          0x0800010c       0x40 C:/ST/STM32CubeCLT_1.18.0/GNU-tools-for-STM32/bin/../lib/gcc/arm-none-eabi/13.3.1/thumb/v7-m/nofp/crtbegin.o
 .text          0x0800014c       0x10 C:/ST/STM32CubeCLT_1.18.0/GNU-tools-for-STM32/bin/../lib/gcc/arm-none-eabi/13.3.1/../../../../arm-none-eabi/lib/thumb/v7-m/nofp\libc_nano.a(libc_a-strlen.o)
                0x0800014c                strlen
 *(.text*)
 .text.MX_GPIO_Init
                0x0800015c       0xcc build/main.o
 .text._write   0x08000228       0x18 build/main.o
                0x08000228                _write
 .text.sendMessage
                0x08000240       0x1c build/main.o
                0x08000240                sendMessage
 .text.readSerialNumber
                0x0800025c       0x30 build/main.o
                0x0800025c                readSerialNumber
 .text.initializeBoard
                0x0800028c       0x28 build/main.o
                0x0800028c                initializeBoard
 .text.printBoard
                0x080002b4       0x60 build/main.o
                0x080002b4                printBoard
 .text.checkWin
                0x08000314       0xc0 build/main.o
                0x08000314                checkWin
 .text.victoryX
                0x080003d4       0x80 build/main.o
                0x080003d4                victoryX
 .text.victory0
                0x08000454       0x80 build/main.o
                0x08000454                victory0
 .text.alternatingEffect
                0x080004d4       0xbc build/main.o
                0x080004d4                alternatingEffect
 .text.Error_Handler
                0x08000590        0x4 build/main.o
                0x08000590                Error_Handler
 .text.MX_USART1_UART_Init
                0x08000594       0x34 build/main.o
 .text.MX_TIM2_Init
                0x080005c8       0x98 build/main.o
 .text.SystemClock_Config
                0x08000660       0x82 build/main.o
                0x08000660                SystemClock_Config
 *fill*         0x080006e2        0x2 
 .text.main     0x080006e4      0x1e0 build/main.o
                0x080006e4                main
 .text.NMI_Handler
                0x080008c4        0x2 build/stm32f1xx_it.o
                0x080008c4                NMI_Handler
 .text.HardFault_Handler
                0x080008c6        0x2 build/stm32f1xx_it.o
                0x080008c6                HardFault_Handler
 .text.MemManage_Handler
                0x080008c8        0x2 build/stm32f1xx_it.o
                0x080008c8                MemManage_Handler
 .text.BusFault_Handler
                0x080008ca        0x2 build/stm32f1xx_it.o
                0x080008ca                BusFault_Handler
 .text.UsageFault_Handler
                0x080008cc        0x2 build/stm32f1xx_it.o
                0x080008cc                UsageFault_Handler
 .text.SVC_Handler
                0x080008ce        0x2 build/stm32f1xx_it.o
                0x080008ce                SVC_Handler
 .text.DebugMon_Handler
                0x080008d0        0x2 build/stm32f1xx_it.o
                0x080008d0                DebugMon_Handler
 .text.PendSV_Handler
                0x080008d2        0x2 build/stm32f1xx_it.o
                0x080008d2                PendSV_Handler
 .text.SysTick_Handler
                0x080008d4        0x8 build/stm32f1xx_it.o
                0x080008d4                SysTick_Handler
 .text.USB_LP_CAN1_RX0_IRQHandler
                0x080008dc       0x10 build/stm32f1xx_it.o
                0x080008dc                USB_LP_CAN1_RX0_IRQHandler
 .text.TIM2_IRQHandler
                0x080008ec       0x10 build/stm32f1xx_it.o
                0x080008ec                TIM2_IRQHandler
 .text.HAL_MspInit
                0x080008fc       0x44 build/stm32f1xx_hal_msp.o
                0x080008fc                HAL_MspInit
 .text.HAL_TIM_Base_MspInit
                0x08000940       0x3a build/stm32f1xx_hal_msp.o
                0x08000940                HAL_TIM_Base_MspInit
 *fill*         0x0800097a        0x2 
 .text.HAL_UART_MspInit
                0x0800097c       0x78 build/stm32f1xx_hal_msp.o
                0x0800097c                HAL_UART_MspInit
 .text.MX_USB_DEVICE_Init
                0x080009f4       0x54 build/usb_device.o
                0x080009f4                MX_USB_DEVICE_Init
 .text.USBD_FS_DeviceDescriptor
                0x08000a48        0xc build/usbd_desc.o
                0x08000a48                USBD_FS_DeviceDescriptor
 .text.USBD_FS_LangIDStrDescriptor
                0x08000a54        0xc build/usbd_desc.o
                0x08000a54                USBD_FS_LangIDStrDescriptor
 .text.IntToUnicode
                0x08000a60       0x46 build/usbd_desc.o
 *fill*         0x08000aa6        0x2 
 .text.Get_SerialNum
                0x08000aa8       0x38 build/usbd_desc.o
 .text.USBD_FS_SerialStrDescriptor
                0x08000ae0       0x14 build/usbd_desc.o
                0x08000ae0                USBD_FS_SerialStrDescriptor
 .text.USBD_FS_ProductStrDescriptor
                0x08000af4       0x24 build/usbd_desc.o
                0x08000af4                USBD_FS_ProductStrDescriptor
 .text.USBD_FS_ManufacturerStrDescriptor
                0x08000b18       0x1c build/usbd_desc.o
                0x08000b18                USBD_FS_ManufacturerStrDescriptor
 .text.USBD_FS_ConfigStrDescriptor
                0x08000b34       0x24 build/usbd_desc.o
                0x08000b34                USBD_FS_ConfigStrDescriptor
 .text.USBD_FS_InterfaceStrDescriptor
                0x08000b58       0x24 build/usbd_desc.o
                0x08000b58                USBD_FS_InterfaceStrDescriptor
 .text.CDC_DeInit_FS
                0x08000b7c        0x4 build/usbd_cdc_if.o
 .text.CDC_Control_FS
                0x08000b80        0x4 build/usbd_cdc_if.o
 .text.CDC_Receive_FS
                0x08000b84       0x1c build/usbd_cdc_if.o
 .text.CDC_Init_FS
                0x08000ba0       0x28 build/usbd_cdc_if.o
 .text.USBD_Get_USB_Status
                0x08000bc8       0x14 build/usbd_conf.o
 .text.HAL_PCD_MspInit
                0x08000bdc       0x40 build/usbd_conf.o
                0x08000bdc                HAL_PCD_MspInit
 .text.HAL_PCD_SetupStageCallback
                0x08000c1c       0x10 build/usbd_conf.o
                0x08000c1c                HAL_PCD_SetupStageCallback
 .text.HAL_PCD_DataOutStageCallback
                0x08000c2c       0x18 build/usbd_conf.o
                0x08000c2c                HAL_PCD_DataOutStageCallback
 .text.HAL_PCD_DataInStageCallback
                0x08000c44       0x16 build/usbd_conf.o
                0x08000c44                HAL_PCD_DataInStageCallback
 .text.HAL_PCD_SOFCallback
                0x08000c5a        0xc build/usbd_conf.o
                0x08000c5a                HAL_PCD_SOFCallback
 .text.HAL_PCD_ResetCallback
                0x08000c66       0x24 build/usbd_conf.o
                0x08000c66                HAL_PCD_ResetCallback
 *fill*         0x08000c8a        0x2 
 .text.HAL_PCD_SuspendCallback
                0x08000c8c       0x20 build/usbd_conf.o
                0x08000c8c                HAL_PCD_SuspendCallback
 .text.HAL_PCD_ResumeCallback
                0x08000cac        0xc build/usbd_conf.o
                0x08000cac                HAL_PCD_ResumeCallback
 .text.USBD_LL_Init
                0x08000cb8       0x84 build/usbd_conf.o
                0x08000cb8                USBD_LL_Init
 .text.USBD_LL_Start
                0x08000d3c       0x10 build/usbd_conf.o
                0x08000d3c                USBD_LL_Start
 .text.USBD_LL_OpenEP
                0x08000d4c       0x16 build/usbd_conf.o
                0x08000d4c                USBD_LL_OpenEP
 .text.USBD_LL_CloseEP
                0x08000d62       0x10 build/usbd_conf.o
                0x08000d62                USBD_LL_CloseEP
 .text.USBD_LL_StallEP
                0x08000d72       0x10 build/usbd_conf.o
                0x08000d72                USBD_LL_StallEP
 .text.USBD_LL_ClearStallEP
                0x08000d82       0x10 build/usbd_conf.o
                0x08000d82                USBD_LL_ClearStallEP
 .text.USBD_LL_IsStallEP
                0x08000d92       0x2c build/usbd_conf.o
                0x08000d92                USBD_LL_IsStallEP
 .text.USBD_LL_SetUSBAddress
                0x08000dbe       0x10 build/usbd_conf.o
                0x08000dbe                USBD_LL_SetUSBAddress
 .text.USBD_LL_Transmit
                0x08000dce       0x10 build/usbd_conf.o
                0x08000dce                USBD_LL_Transmit
 .text.USBD_LL_PrepareReceive
                0x08000dde       0x10 build/usbd_conf.o
                0x08000dde                USBD_LL_PrepareReceive
 .text.USBD_LL_GetRxDataSize
                0x08000dee        0xc build/usbd_conf.o
                0x08000dee                USBD_LL_GetRxDataSize
 *fill*         0x08000dfa        0x2 
 .text.USBD_static_malloc
                0x08000dfc        0x8 build/usbd_conf.o
                0x08000dfc                USBD_static_malloc
 .text.USBD_static_free
                0x08000e04        0x2 build/usbd_conf.o
                0x08000e04                USBD_static_free
 .text.HAL_PCDEx_SetConnectionState
                0x08000e06        0x2 build/usbd_conf.o
                0x08000e06                HAL_PCDEx_SetConnectionState
 .text.HAL_PCD_EP_DB_Receive
                0x08000e08      0x11c build/stm32f1xx_hal_pcd.o
 .text.HAL_PCD_Init
                0x08000f24       0xe8 build/stm32f1xx_hal_pcd.o
                0x08000f24                HAL_PCD_Init
 .text.HAL_PCD_Start
                0x0800100c       0x32 build/stm32f1xx_hal_pcd.o
                0x0800100c                HAL_PCD_Start
 .text.HAL_PCD_EP_DB_Transmit
                0x0800103e      0x424 build/stm32f1xx_hal_pcd.o
 .text.PCD_EP_ISR_Handler
                0x08001462      0x554 build/stm32f1xx_hal_pcd.o
 .text.HAL_PCD_SetAddress
                0x080019b6       0x26 build/stm32f1xx_hal_pcd.o
                0x080019b6                HAL_PCD_SetAddress
 .text.HAL_PCD_IRQHandler
                0x080019dc      0x1b0 build/stm32f1xx_hal_pcd.o
                0x080019dc                HAL_PCD_IRQHandler
 .text.HAL_PCD_EP_Open
                0x08001b8c       0x84 build/stm32f1xx_hal_pcd.o
                0x08001b8c                HAL_PCD_EP_Open
 .text.HAL_PCD_EP_Close
                0x08001c10       0x6c build/stm32f1xx_hal_pcd.o
                0x08001c10                HAL_PCD_EP_Close
 .text.HAL_PCD_EP_Receive
                0x08001c7c       0x3a build/stm32f1xx_hal_pcd.o
                0x08001c7c                HAL_PCD_EP_Receive
 .text.HAL_PCD_EP_GetRxCount
                0x08001cb6       0x12 build/stm32f1xx_hal_pcd.o
                0x08001cb6                HAL_PCD_EP_GetRxCount
 .text.HAL_PCD_EP_Transmit
                0x08001cc8       0x4c build/stm32f1xx_hal_pcd.o
                0x08001cc8                HAL_PCD_EP_Transmit
 .text.HAL_PCD_EP_SetStall
                0x08001d14       0x80 build/stm32f1xx_hal_pcd.o
                0x08001d14                HAL_PCD_EP_SetStall
 .text.HAL_PCD_EP_ClrStall
                0x08001d94       0x7e build/stm32f1xx_hal_pcd.o
                0x08001d94                HAL_PCD_EP_ClrStall
 .text.HAL_PCDEx_PMAConfig
                0x08001e12       0x38 build/stm32f1xx_hal_pcd_ex.o
                0x08001e12                HAL_PCDEx_PMAConfig
 .text.USB_CoreInit
                0x08001e4a        0xe build/stm32f1xx_ll_usb.o
                0x08001e4a                USB_CoreInit
 .text.USB_EnableGlobalInt
                0x08001e58       0x12 build/stm32f1xx_ll_usb.o
                0x08001e58                USB_EnableGlobalInt
 .text.USB_DisableGlobalInt
                0x08001e6a       0x14 build/stm32f1xx_ll_usb.o
                0x08001e6a                USB_DisableGlobalInt
 .text.USB_SetCurrentMode
                0x08001e7e        0x4 build/stm32f1xx_ll_usb.o
                0x08001e7e                USB_SetCurrentMode
 .text.USB_DevInit
                0x08001e82       0x22 build/stm32f1xx_ll_usb.o
                0x08001e82                USB_DevInit
 .text.USB_ActivateEndpoint
                0x08001ea4      0x3ca build/stm32f1xx_ll_usb.o
                0x08001ea4                USB_ActivateEndpoint
 .text.USB_DeactivateEndpoint
                0x0800226e      0x1d6 build/stm32f1xx_ll_usb.o
                0x0800226e                USB_DeactivateEndpoint
 .text.USB_EPSetStall
                0x08002444       0x4a build/stm32f1xx_ll_usb.o
                0x08002444                USB_EPSetStall
 .text.USB_EPClearStall
                0x0800248e       0xa2 build/stm32f1xx_ll_usb.o
                0x0800248e                USB_EPClearStall
 .text.USB_SetDevAddress
                0x08002530        0xc build/stm32f1xx_ll_usb.o
                0x08002530                USB_SetDevAddress
 .text.USB_DevConnect
                0x0800253c        0x4 build/stm32f1xx_ll_usb.o
                0x0800253c                USB_DevConnect
 .text.USB_DevDisconnect
                0x08002540        0x4 build/stm32f1xx_ll_usb.o
                0x08002540                USB_DevDisconnect
 .text.USB_ReadInterrupts
                0x08002544        0x8 build/stm32f1xx_ll_usb.o
                0x08002544                USB_ReadInterrupts
 .text.USB_EP0_OutStart
                0x0800254c        0x4 build/stm32f1xx_ll_usb.o
                0x0800254c                USB_EP0_OutStart
 .text.USB_WritePMA
                0x08002550       0x26 build/stm32f1xx_ll_usb.o
                0x08002550                USB_WritePMA
 .text.USB_EPStartXfer
                0x08002576      0x7ce build/stm32f1xx_ll_usb.o
                0x08002576                USB_EPStartXfer
 .text.USB_ReadPMA
                0x08002d44       0x30 build/stm32f1xx_ll_usb.o
                0x08002d44                USB_ReadPMA
 .text.HAL_InitTick
                0x08002d74       0x4c build/stm32f1xx_hal.o
                0x08002d74                HAL_InitTick
 .text.HAL_Init
                0x08002dc0       0x24 build/stm32f1xx_hal.o
                0x08002dc0                HAL_Init
 .text.HAL_IncTick
                0x08002de4       0x18 build/stm32f1xx_hal.o
                0x08002de4                HAL_IncTick
 .text.HAL_GetTick
                0x08002dfc        0xc build/stm32f1xx_hal.o
                0x08002dfc                HAL_GetTick
 .text.HAL_Delay
                0x08002e08       0x28 build/stm32f1xx_hal.o
                0x08002e08                HAL_Delay
 .text.RCC_Delay
                0x08002e30       0x2c build/stm32f1xx_hal_rcc.o
 .text.HAL_RCC_OscConfig
                0x08002e5c      0x410 build/stm32f1xx_hal_rcc.o
                0x08002e5c                HAL_RCC_OscConfig
 .text.HAL_RCC_GetSysClockFreq
                0x0800326c       0x54 build/stm32f1xx_hal_rcc.o
                0x0800326c                HAL_RCC_GetSysClockFreq
 .text.HAL_RCC_ClockConfig
                0x080032c0      0x16c build/stm32f1xx_hal_rcc.o
                0x080032c0                HAL_RCC_ClockConfig
 .text.HAL_RCC_GetHCLKFreq
                0x0800342c        0xc build/stm32f1xx_hal_rcc.o
                0x0800342c                HAL_RCC_GetHCLKFreq
 .text.HAL_RCC_GetPCLK1Freq
                0x08003438       0x20 build/stm32f1xx_hal_rcc.o
                0x08003438                HAL_RCC_GetPCLK1Freq
 .text.HAL_RCC_GetPCLK2Freq
                0x08003458       0x20 build/stm32f1xx_hal_rcc.o
                0x08003458                HAL_RCC_GetPCLK2Freq
 .text.HAL_RCCEx_PeriphCLKConfig
                0x08003478      0x118 build/stm32f1xx_hal_rcc_ex.o
                0x08003478                HAL_RCCEx_PeriphCLKConfig
 .text.HAL_GPIO_Init
                0x08003590      0x21c build/stm32f1xx_hal_gpio.o
                0x08003590                HAL_GPIO_Init
 .text.HAL_GPIO_WritePin
                0x080037ac        0xc build/stm32f1xx_hal_gpio.o
                0x080037ac                HAL_GPIO_WritePin
 .text.__NVIC_SetPriority
                0x080037b8       0x28 build/stm32f1xx_hal_cortex.o
 .text.NVIC_EncodePriority
                0x080037e0       0x3e build/stm32f1xx_hal_cortex.o
 *fill*         0x0800381e        0x2 
 .text.HAL_NVIC_SetPriorityGrouping
                0x08003820       0x24 build/stm32f1xx_hal_cortex.o
                0x08003820                HAL_NVIC_SetPriorityGrouping
 .text.HAL_NVIC_SetPriority
                0x08003844       0x20 build/stm32f1xx_hal_cortex.o
                0x08003844                HAL_NVIC_SetPriority
 .text.HAL_NVIC_EnableIRQ
                0x08003864       0x1c build/stm32f1xx_hal_cortex.o
                0x08003864                HAL_NVIC_EnableIRQ
 .text.HAL_SYSTICK_Config
                0x08003880       0x28 build/stm32f1xx_hal_cortex.o
                0x08003880                HAL_SYSTICK_Config
 .text.TIM_OC1_SetConfig
                0x080038a8       0x54 build/stm32f1xx_hal_tim.o
 .text.TIM_OC3_SetConfig
                0x080038fc       0x5c build/stm32f1xx_hal_tim.o
 .text.TIM_OC4_SetConfig
                0x08003958       0x48 build/stm32f1xx_hal_tim.o
 .text.TIM_TI1_ConfigInputStage
                0x080039a0       0x24 build/stm32f1xx_hal_tim.o
 .text.TIM_TI2_ConfigInputStage
                0x080039c4       0x26 build/stm32f1xx_hal_tim.o
 .text.TIM_ITRx_SetConfig
                0x080039ea       0x10 build/stm32f1xx_hal_tim.o
 *fill*         0x080039fa        0x2 
 .text.HAL_TIM_Base_Start_IT
                0x080039fc       0x68 build/stm32f1xx_hal_tim.o
                0x080039fc                HAL_TIM_Base_Start_IT
 .text.HAL_TIM_OC_MspInit
                0x08003a64        0x2 build/stm32f1xx_hal_tim.o
                0x08003a64                HAL_TIM_OC_MspInit
 .text.HAL_TIM_PeriodElapsedCallback
                0x08003a66        0x2 build/stm32f1xx_hal_tim.o
                0x08003a66                HAL_TIM_PeriodElapsedCallback
 .text.HAL_TIM_OC_DelayElapsedCallback
                0x08003a68        0x2 build/stm32f1xx_hal_tim.o
                0x08003a68                HAL_TIM_OC_DelayElapsedCallback
 .text.HAL_TIM_IC_CaptureCallback
                0x08003a6a        0x2 build/stm32f1xx_hal_tim.o
                0x08003a6a                HAL_TIM_IC_CaptureCallback
 .text.HAL_TIM_PWM_PulseFinishedCallback
                0x08003a6c        0x2 build/stm32f1xx_hal_tim.o
                0x08003a6c                HAL_TIM_PWM_PulseFinishedCallback
 .text.HAL_TIM_TriggerCallback
                0x08003a6e        0x2 build/stm32f1xx_hal_tim.o
                0x08003a6e                HAL_TIM_TriggerCallback
 .text.HAL_TIM_IRQHandler
                0x08003a70      0x15e build/stm32f1xx_hal_tim.o
                0x08003a70                HAL_TIM_IRQHandler
 *fill*         0x08003bce        0x2 
 .text.TIM_Base_SetConfig
                0x08003bd0       0x84 build/stm32f1xx_hal_tim.o
                0x08003bd0                TIM_Base_SetConfig
 .text.HAL_TIM_Base_Init
                0x08003c54       0x58 build/stm32f1xx_hal_tim.o
                0x08003c54                HAL_TIM_Base_Init
 .text.HAL_TIM_OC_Init
                0x08003cac       0x58 build/stm32f1xx_hal_tim.o
                0x08003cac                HAL_TIM_OC_Init
 .text.TIM_OC2_SetConfig
                0x08003d04       0x5c build/stm32f1xx_hal_tim.o
                0x08003d04                TIM_OC2_SetConfig
 .text.HAL_TIM_OC_ConfigChannel
                0x08003d60       0x5e build/stm32f1xx_hal_tim.o
                0x08003d60                HAL_TIM_OC_ConfigChannel
 .text.TIM_ETR_SetConfig
                0x08003dbe       0x18 build/stm32f1xx_hal_tim.o
                0x08003dbe                TIM_ETR_SetConfig
 .text.HAL_TIM_ConfigClockSource
                0x08003dd6       0xfe build/stm32f1xx_hal_tim.o
                0x08003dd6                HAL_TIM_ConfigClockSource
 .text.HAL_TIMEx_MasterConfigSynchronization
                0x08003ed4       0x6c build/stm32f1xx_hal_tim_ex.o
                0x08003ed4                HAL_TIMEx_MasterConfigSynchronization
 .text.HAL_TIMEx_CommutCallback
                0x08003f40        0x2 build/stm32f1xx_hal_tim_ex.o
                0x08003f40                HAL_TIMEx_CommutCallback
 .text.HAL_TIMEx_BreakCallback
                0x08003f42        0x2 build/stm32f1xx_hal_tim_ex.o
                0x08003f42                HAL_TIMEx_BreakCallback
 .text.UART_EndRxTransfer
                0x08003f44       0x5c build/stm32f1xx_hal_uart.o
 .text.UART_SetConfig
                0x08003fa0       0x94 build/stm32f1xx_hal_uart.o
 .text.UART_WaitOnFlagUntilTimeout
                0x08004034       0x86 build/stm32f1xx_hal_uart.o
 .text.HAL_UART_Init
                0x080040ba       0x60 build/stm32f1xx_hal_uart.o
                0x080040ba                HAL_UART_Init
 .text.HAL_UART_Transmit
                0x0800411a       0xcc build/stm32f1xx_hal_uart.o
                0x0800411a                HAL_UART_Transmit
 .text.HAL_UART_Receive
                0x080041e6       0xd2 build/stm32f1xx_hal_uart.o
                0x080041e6                HAL_UART_Receive
 .text.UART_Start_Receive_IT
                0x080042b8       0x36 build/stm32f1xx_hal_uart.o
                0x080042b8                UART_Start_Receive_IT
 .text.HAL_UART_Receive_IT
                0x080042ee       0x26 build/stm32f1xx_hal_uart.o
                0x080042ee                HAL_UART_Receive_IT
 .text.SystemInit
                0x08004314        0x2 build/system_stm32f1xx.o
                0x08004314                SystemInit
 .text.USBD_Init
                0x08004316       0x2e build/usbd_core.o
                0x08004316                USBD_Init
 .text.USBD_RegisterClass
                0x08004344        0xe build/usbd_core.o
                0x08004344                USBD_RegisterClass
 .text.USBD_Start
                0x08004352        0xa build/usbd_core.o
                0x08004352                USBD_Start
 .text.USBD_SetClassConfig
                0x0800435c       0x18 build/usbd_core.o
                0x0800435c                USBD_SetClassConfig
 .text.USBD_ClrClassConfig
                0x08004374        0xe build/usbd_core.o
                0x08004374                USBD_ClrClassConfig
 .text.USBD_LL_SetupStage
                0x08004382       0x5a build/usbd_core.o
                0x08004382                USBD_LL_SetupStage
 .text.USBD_LL_DataOutStage
                0x080043dc       0x8c build/usbd_core.o
                0x080043dc                USBD_LL_DataOutStage
 .text.USBD_LL_DataInStage
                0x08004468       0xd0 build/usbd_core.o
                0x08004468                USBD_LL_DataInStage
 .text.USBD_LL_Reset
                0x08004538       0x50 build/usbd_core.o
                0x08004538                USBD_LL_Reset
 .text.USBD_LL_SetSpeed
                0x08004588        0x6 build/usbd_core.o
                0x08004588                USBD_LL_SetSpeed
 .text.USBD_LL_Suspend
                0x0800458e       0x12 build/usbd_core.o
                0x0800458e                USBD_LL_Suspend
 .text.USBD_LL_Resume
                0x080045a0       0x16 build/usbd_core.o
                0x080045a0                USBD_LL_Resume
 .text.USBD_LL_SOF
                0x080045b6       0x1c build/usbd_core.o
                0x080045b6                USBD_LL_SOF
 .text.USBD_GetLen
                0x080045d2       0x14 build/usbd_ctlreq.o
 .text.USBD_SetFeature
                0x080045e6       0x14 build/usbd_ctlreq.o
 .text.USBD_ParseSetupRequest
                0x080045fa       0x28 build/usbd_ctlreq.o
                0x080045fa                USBD_ParseSetupRequest
 .text.USBD_CtlError
                0x08004622       0x14 build/usbd_ctlreq.o
                0x08004622                USBD_CtlError
 .text.USBD_GetDescriptor
                0x08004636      0x186 build/usbd_ctlreq.o
 .text.USBD_SetAddress
                0x080047bc       0x4e build/usbd_ctlreq.o
 *fill*         0x0800480a        0x2 
 .text.USBD_SetConfig
                0x0800480c       0xb0 build/usbd_ctlreq.o
 .text.USBD_GetConfig
                0x080048bc       0x3e build/usbd_ctlreq.o
 .text.USBD_GetStatus
                0x080048fa       0x38 build/usbd_ctlreq.o
 .text.USBD_ClrFeature
                0x08004932       0x26 build/usbd_ctlreq.o
 .text.USBD_StdDevReq
                0x08004958       0x68 build/usbd_ctlreq.o
                0x08004958                USBD_StdDevReq
 .text.USBD_StdItfReq
                0x080049c0       0x60 build/usbd_ctlreq.o
                0x080049c0                USBD_StdItfReq
 .text.USBD_StdEPReq
                0x08004a20      0x1e2 build/usbd_ctlreq.o
                0x08004a20                USBD_StdEPReq
 .text.USBD_GetString
                0x08004c02       0x3a build/usbd_ctlreq.o
                0x08004c02                USBD_GetString
 .text.USBD_CtlSendData
                0x08004c3c       0x1a build/usbd_ioreq.o
                0x08004c3c                USBD_CtlSendData
 .text.USBD_CtlContinueSendData
                0x08004c56       0x10 build/usbd_ioreq.o
                0x08004c56                USBD_CtlContinueSendData
 .text.USBD_CtlPrepareRx
                0x08004c66       0x1e build/usbd_ioreq.o
                0x08004c66                USBD_CtlPrepareRx
 .text.USBD_CtlContinueRx
                0x08004c84       0x10 build/usbd_ioreq.o
                0x08004c84                USBD_CtlContinueRx
 .text.USBD_CtlSendStatus
                0x08004c94       0x16 build/usbd_ioreq.o
                0x08004c94                USBD_CtlSendStatus
 .text.USBD_CtlReceiveStatus
                0x08004caa       0x16 build/usbd_ioreq.o
                0x08004caa                USBD_CtlReceiveStatus
 .text.USBD_CDC_EP0_RxReady
                0x08004cc0       0x28 build/usbd_cdc.o
 .text.USBD_CDC_GetFSCfgDesc
                0x08004ce8        0xc build/usbd_cdc.o
 .text.USBD_CDC_GetHSCfgDesc
                0x08004cf4        0xc build/usbd_cdc.o
 .text.USBD_CDC_GetOtherSpeedCfgDesc
                0x08004d00        0xc build/usbd_cdc.o
 .text.USBD_CDC_GetDeviceQualifierDescriptor
                0x08004d0c        0xc build/usbd_cdc.o
                0x08004d0c                USBD_CDC_GetDeviceQualifierDescriptor
 .text.USBD_CDC_DataOut
                0x08004d18       0x2e build/usbd_cdc.o
 .text.USBD_CDC_DataIn
                0x08004d46       0x4e build/usbd_cdc.o
 .text.USBD_CDC_Setup
                0x08004d94       0xd6 build/usbd_cdc.o
 .text.USBD_CDC_DeInit
                0x08004e6a       0x42 build/usbd_cdc.o
 .text.USBD_CDC_Init
                0x08004eac       0xaa build/usbd_cdc.o
 .text.USBD_CDC_RegisterInterface
                0x08004f56        0xe build/usbd_cdc.o
                0x08004f56                USBD_CDC_RegisterInterface
 .text.USBD_CDC_SetTxBuffer
                0x08004f64       0x10 build/usbd_cdc.o
                0x08004f64                USBD_CDC_SetTxBuffer
 .text.USBD_CDC_SetRxBuffer
                0x08004f74        0xc build/usbd_cdc.o
                0x08004f74                USBD_CDC_SetRxBuffer
 .text.USBD_CDC_ReceivePacket
                0x08004f80       0x30 build/usbd_cdc.o
                0x08004f80                USBD_CDC_ReceivePacket
 .text.Reset_Handler
                0x08004fb0       0x48 build/startup_stm32f103xb.o
                0x08004fb0                Reset_Handler
 .text.Default_Handler
                0x08004ff8        0x2 build/startup_stm32f103xb.o
                0x08004ff8                RTC_Alarm_IRQHandler
                0x08004ff8                EXTI2_IRQHandler
                0x08004ff8                TIM1_CC_IRQHandler
                0x08004ff8                PVD_IRQHandler
                0x08004ff8                EXTI3_IRQHandler
                0x08004ff8                EXTI0_IRQHandler
                0x08004ff8                I2C2_EV_IRQHandler
                0x08004ff8                ADC1_2_IRQHandler
                0x08004ff8                SPI1_IRQHandler
                0x08004ff8                TAMPER_IRQHandler
                0x08004ff8                DMA1_Channel4_IRQHandler
                0x08004ff8                USART3_IRQHandler
                0x08004ff8                RTC_IRQHandler
                0x08004ff8                DMA1_Channel7_IRQHandler
                0x08004ff8                CAN1_RX1_IRQHandler
                0x08004ff8                TIM4_IRQHandler
                0x08004ff8                I2C1_EV_IRQHandler
                0x08004ff8                DMA1_Channel6_IRQHandler
                0x08004ff8                TIM3_IRQHandler
                0x08004ff8                RCC_IRQHandler
                0x08004ff8                TIM1_TRG_COM_IRQHandler
                0x08004ff8                DMA1_Channel1_IRQHandler
                0x08004ff8                Default_Handler
                0x08004ff8                EXTI15_10_IRQHandler
                0x08004ff8                EXTI9_5_IRQHandler
                0x08004ff8                SPI2_IRQHandler
                0x08004ff8                DMA1_Channel5_IRQHandler
                0x08004ff8                EXTI4_IRQHandler
                0x08004ff8                USB_HP_CAN1_TX_IRQHandler
                0x08004ff8                DMA1_Channel3_IRQHandler
                0x08004ff8                TIM1_UP_IRQHandler
                0x08004ff8                WWDG_IRQHandler
                0x08004ff8                TIM1_BRK_IRQHandler
                0x08004ff8                EXTI1_IRQHandler
                0x08004ff8                USART2_IRQHandler
                0x08004ff8                I2C2_ER_IRQHandler
                0x08004ff8                DMA1_Channel2_IRQHandler
                0x08004ff8                CAN1_SCE_IRQHandler
                0x08004ff8                FLASH_IRQHandler
                0x08004ff8                USART1_IRQHandler
                0x08004ff8                I2C1_ER_IRQHandler
                0x08004ff8                USBWakeUp_IRQHandler
 *fill*         0x08004ffa        0x2 
 .text.std      0x08004ffc       0x6c C:/ST/STM32CubeCLT_1.18.0/GNU-tools-for-STM32/bin/../lib/gcc/arm-none-eabi/13.3.1/../../../../arm-none-eabi/lib/thumb/v7-m/nofp\libc_nano.a(libc_a-findfp.o)
 .text.stdio_exit_handler
                0x08005068       0x18 C:/ST/STM32CubeCLT_1.18.0/GNU-tools-for-STM32/bin/../lib/gcc/arm-none-eabi/13.3.1/../../../../arm-none-eabi/lib/thumb/v7-m/nofp\libc_nano.a(libc_a-findfp.o)
 .text.cleanup_stdio
                0x08005080       0x40 C:/ST/STM32CubeCLT_1.18.0/GNU-tools-for-STM32/bin/../lib/gcc/arm-none-eabi/13.3.1/../../../../arm-none-eabi/lib/thumb/v7-m/nofp\libc_nano.a(libc_a-findfp.o)
 .text.global_stdio_init.part.0
                0x080050c0       0x3c C:/ST/STM32CubeCLT_1.18.0/GNU-tools-for-STM32/bin/../lib/gcc/arm-none-eabi/13.3.1/../../../../arm-none-eabi/lib/thumb/v7-m/nofp\libc_nano.a(libc_a-findfp.o)
 .text.__sfp_lock_acquire
                0x080050fc        0xc C:/ST/STM32CubeCLT_1.18.0/GNU-tools-for-STM32/bin/../lib/gcc/arm-none-eabi/13.3.1/../../../../arm-none-eabi/lib/thumb/v7-m/nofp\libc_nano.a(libc_a-findfp.o)
                0x080050fc                __sfp_lock_acquire
 .text.__sfp_lock_release
                0x08005108        0xc C:/ST/STM32CubeCLT_1.18.0/GNU-tools-for-STM32/bin/../lib/gcc/arm-none-eabi/13.3.1/../../../../arm-none-eabi/lib/thumb/v7-m/nofp\libc_nano.a(libc_a-findfp.o)
                0x08005108                __sfp_lock_release
 .text.__sinit  0x08005114       0x30 C:/ST/STM32CubeCLT_1.18.0/GNU-tools-for-STM32/bin/../lib/gcc/arm-none-eabi/13.3.1/../../../../arm-none-eabi/lib/thumb/v7-m/nofp\libc_nano.a(libc_a-findfp.o)
                0x08005114                __sinit
 .text._fwalk_sglue
                0x08005144       0x3c C:/ST/STM32CubeCLT_1.18.0/GNU-tools-for-STM32/bin/../lib/gcc/arm-none-eabi/13.3.1/../../../../arm-none-eabi/lib/thumb/v7-m/nofp\libc_nano.a(libc_a-fwalk.o)
                0x08005144                _fwalk_sglue
 .text.putchar  0x08005180       0x10 C:/ST/STM32CubeCLT_1.18.0/GNU-tools-for-STM32/bin/../lib/gcc/arm-none-eabi/13.3.1/../../../../arm-none-eabi/lib/thumb/v7-m/nofp\libc_nano.a(libc_a-putchar.o)
                0x08005180                putchar
 .text._puts_r  0x08005190       0xaa C:/ST/STM32CubeCLT_1.18.0/GNU-tools-for-STM32/bin/../lib/gcc/arm-none-eabi/13.3.1/../../../../arm-none-eabi/lib/thumb/v7-m/nofp\libc_nano.a(libc_a-puts.o)
                0x08005190                _puts_r
 *fill*         0x0800523a        0x2 
 .text.puts     0x0800523c       0x10 C:/ST/STM32CubeCLT_1.18.0/GNU-tools-for-STM32/bin/../lib/gcc/arm-none-eabi/13.3.1/../../../../arm-none-eabi/lib/thumb/v7-m/nofp\libc_nano.a(libc_a-puts.o)
                0x0800523c                puts
 .text.sprintf  0x0800524c       0x44 C:/ST/STM32CubeCLT_1.18.0/GNU-tools-for-STM32/bin/../lib/gcc/arm-none-eabi/13.3.1/../../../../arm-none-eabi/lib/thumb/v7-m/nofp\libc_nano.a(libc_a-sprintf.o)
                0x0800524c                siprintf
                0x0800524c                sprintf
 .text.__sread  0x08005290       0x22 C:/ST/STM32CubeCLT_1.18.0/GNU-tools-for-STM32/bin/../lib/gcc/arm-none-eabi/13.3.1/../../../../arm-none-eabi/lib/thumb/v7-m/nofp\libc_nano.a(libc_a-stdio.o)
                0x08005290                __sread
 .text.__swrite
                0x080052b2       0x38 C:/ST/STM32CubeCLT_1.18.0/GNU-tools-for-STM32/bin/../lib/gcc/arm-none-eabi/13.3.1/../../../../arm-none-eabi/lib/thumb/v7-m/nofp\libc_nano.a(libc_a-stdio.o)
                0x080052b2                __swrite
 .text.__sseek  0x080052ea       0x24 C:/ST/STM32CubeCLT_1.18.0/GNU-tools-for-STM32/bin/../lib/gcc/arm-none-eabi/13.3.1/../../../../arm-none-eabi/lib/thumb/v7-m/nofp\libc_nano.a(libc_a-stdio.o)
                0x080052ea                __sseek
 .text.__sclose
                0x0800530e        0x8 C:/ST/STM32CubeCLT_1.18.0/GNU-tools-for-STM32/bin/../lib/gcc/arm-none-eabi/13.3.1/../../../../arm-none-eabi/lib/thumb/v7-m/nofp\libc_nano.a(libc_a-stdio.o)
                0x0800530e                __sclose
 .text.__swbuf_r
                0x08005316       0x7c C:/ST/STM32CubeCLT_1.18.0/GNU-tools-for-STM32/bin/../lib/gcc/arm-none-eabi/13.3.1/../../../../arm-none-eabi/lib/thumb/v7-m/nofp\libc_nano.a(libc_a-wbuf.o)
                0x08005316                __swbuf_r
 *fill*         0x08005392        0x2 
 .text.__swsetup_r
                0x08005394       0xac C:/ST/STM32CubeCLT_1.18.0/GNU-tools-for-STM32/bin/../lib/gcc/arm-none-eabi/13.3.1/../../../../arm-none-eabi/lib/thumb/v7-m/nofp\libc_nano.a(libc_a-wsetup.o)
                0x08005394                __swsetup_r
 .text.memset   0x08005440       0x10 C:/ST/STM32CubeCLT_1.18.0/GNU-tools-for-STM32/bin/../lib/gcc/arm-none-eabi/13.3.1/../../../../arm-none-eabi/lib/thumb/v7-m/nofp\libc_nano.a(libc_a-memset.o)
                0x08005440                memset
 .text._close_r
                0x08005450       0x20 C:/ST/STM32CubeCLT_1.18.0/GNU-tools-for-STM32/bin/../lib/gcc/arm-none-eabi/13.3.1/../../../../arm-none-eabi/lib/thumb/v7-m/nofp\libc_nano.a(libc_a-closer.o)
                0x08005450                _close_r
 .text._lseek_r
                0x08005470       0x24 C:/ST/STM32CubeCLT_1.18.0/GNU-tools-for-STM32/bin/../lib/gcc/arm-none-eabi/13.3.1/../../../../arm-none-eabi/lib/thumb/v7-m/nofp\libc_nano.a(libc_a-lseekr.o)
                0x08005470                _lseek_r
 .text._read_r  0x08005494       0x24 C:/ST/STM32CubeCLT_1.18.0/GNU-tools-for-STM32/bin/../lib/gcc/arm-none-eabi/13.3.1/../../../../arm-none-eabi/lib/thumb/v7-m/nofp\libc_nano.a(libc_a-readr.o)
                0x08005494                _read_r
 .text._write_r
                0x080054b8       0x24 C:/ST/STM32CubeCLT_1.18.0/GNU-tools-for-STM32/bin/../lib/gcc/arm-none-eabi/13.3.1/../../../../arm-none-eabi/lib/thumb/v7-m/nofp\libc_nano.a(libc_a-writer.o)
                0x080054b8                _write_r
 .text.__libc_init_array
                0x080054dc       0x48 C:/ST/STM32CubeCLT_1.18.0/GNU-tools-for-STM32/bin/../lib/gcc/arm-none-eabi/13.3.1/../../../../arm-none-eabi/lib/thumb/v7-m/nofp\libc_nano.a(libc_a-init.o)
                0x080054dc                __libc_init_array
 .text.__retarget_lock_init_recursive
                0x08005524        0x2 C:/ST/STM32CubeCLT_1.18.0/GNU-tools-for-STM32/bin/../lib/gcc/arm-none-eabi/13.3.1/../../../../arm-none-eabi/lib/thumb/v7-m/nofp\libc_nano.a(libc_a-lock.o)
                0x08005524                __retarget_lock_init_recursive
 .text.__retarget_lock_acquire_recursive
                0x08005526        0x2 C:/ST/STM32CubeCLT_1.18.0/GNU-tools-for-STM32/bin/../lib/gcc/arm-none-eabi/13.3.1/../../../../arm-none-eabi/lib/thumb/v7-m/nofp\libc_nano.a(libc_a-lock.o)
                0x08005526                __retarget_lock_acquire_recursive
 .text.__retarget_lock_release_recursive
                0x08005528        0x2 C:/ST/STM32CubeCLT_1.18.0/GNU-tools-for-STM32/bin/../lib/gcc/arm-none-eabi/13.3.1/../../../../arm-none-eabi/lib/thumb/v7-m/nofp\libc_nano.a(libc_a-lock.o)
                0x08005528                __retarget_lock_release_recursive
 .text.memcpy   0x0800552a       0x1c C:/ST/STM32CubeCLT_1.18.0/GNU-tools-for-STM32/bin/../lib/gcc/arm-none-eabi/13.3.1/../../../../arm-none-eabi/lib/thumb/v7-m/nofp\libc_nano.a(libc_a-memcpy-stub.o)
                0x0800552a                memcpy
 *fill*         0x08005546        0x2 
 .text._free_r  0x08005548       0x90 C:/ST/STM32CubeCLT_1.18.0/GNU-tools-for-STM32/bin/../lib/gcc/arm-none-eabi/13.3.1/../../../../arm-none-eabi/lib/thumb/v7-m/nofp\libc_nano.a(libc_a-freer.o)
                0x08005548                _free_r
 .text.sbrk_aligned
                0x080055d8       0x44 C:/ST/STM32CubeCLT_1.18.0/GNU-tools-for-STM32/bin/../lib/gcc/arm-none-eabi/13.3.1/../../../../arm-none-eabi/lib/thumb/v7-m/nofp\libc_nano.a(libc_a-mallocr.o)
 .text._malloc_r
                0x0800561c      0x100 C:/ST/STM32CubeCLT_1.18.0/GNU-tools-for-STM32/bin/../lib/gcc/arm-none-eabi/13.3.1/../../../../arm-none-eabi/lib/thumb/v7-m/nofp\libc_nano.a(libc_a-mallocr.o)
                0x0800561c                _malloc_r
 .text.__malloc_lock
                0x0800571c        0xc C:/ST/STM32CubeCLT_1.18.0/GNU-tools-for-STM32/bin/../lib/gcc/arm-none-eabi/13.3.1/../../../../arm-none-eabi/lib/thumb/v7-m/nofp\libc_nano.a(libc_a-mlock.o)
                0x0800571c                __malloc_lock
 .text.__malloc_unlock
                0x08005728        0xc C:/ST/STM32CubeCLT_1.18.0/GNU-tools-for-STM32/bin/../lib/gcc/arm-none-eabi/13.3.1/../../../../arm-none-eabi/lib/thumb/v7-m/nofp\libc_nano.a(libc_a-mlock.o)
                0x08005728                __malloc_unlock
 .text.__ssputs_r
                0x08005734       0xb6 C:/ST/STM32CubeCLT_1.18.0/GNU-tools-for-STM32/bin/../lib/gcc/arm-none-eabi/13.3.1/../../../../arm-none-eabi/lib/thumb/v7-m/nofp\libc_nano.a(libc_a-nano-svfprintf.o)
                0x08005734                __ssputs_r
 *fill*         0x080057ea        0x2 
 .text._svfprintf_r
                0x080057ec      0x1f8 C:/ST/STM32CubeCLT_1.18.0/GNU-tools-for-STM32/bin/../lib/gcc/arm-none-eabi/13.3.1/../../../../arm-none-eabi/lib/thumb/v7-m/nofp\libc_nano.a(libc_a-nano-svfprintf.o)
                0x080057ec                _svfiprintf_r
                0x080057ec                _svfprintf_r
 .text._printf_common
                0x080059e4       0xe4 C:/ST/STM32CubeCLT_1.18.0/GNU-tools-for-STM32/bin/../lib/gcc/arm-none-eabi/13.3.1/../../../../arm-none-eabi/lib/thumb/v7-m/nofp\libc_nano.a(libc_a-nano-vfprintf_i.o)
                0x080059e4                _printf_common
 .text._printf_i
                0x08005ac8      0x23c C:/ST/STM32CubeCLT_1.18.0/GNU-tools-for-STM32/bin/../lib/gcc/arm-none-eabi/13.3.1/../../../../arm-none-eabi/lib/thumb/v7-m/nofp\libc_nano.a(libc_a-nano-vfprintf_i.o)
                0x08005ac8                _printf_i
 .text.__sflush_r
                0x08005d04      0x100 C:/ST/STM32CubeCLT_1.18.0/GNU-tools-for-STM32/bin/../lib/gcc/arm-none-eabi/13.3.1/../../../../arm-none-eabi/lib/thumb/v7-m/nofp\libc_nano.a(libc_a-fflush.o)
                0x08005d04                __sflush_r
 .text._fflush_r
                0x08005e04       0x50 C:/ST/STM32CubeCLT_1.18.0/GNU-tools-for-STM32/bin/../lib/gcc/arm-none-eabi/13.3.1/../../../../arm-none-eabi/lib/thumb/v7-m/nofp\libc_nano.a(libc_a-fflush.o)
                0x08005e04                _fflush_r
 .text.__swhatbuf_r
                0x08005e54       0x4a C:/ST/STM32CubeCLT_1.18.0/GNU-tools-for-STM32/bin/../lib/gcc/arm-none-eabi/13.3.1/../../../../arm-none-eabi/lib/thumb/v7-m/nofp\libc_nano.a(libc_a-makebuf.o)
                0x08005e54                __swhatbuf_r
 .text.__smakebuf_r
                0x08005e9e       0x78 C:/ST/STM32CubeCLT_1.18.0/GNU-tools-for-STM32/bin/../lib/gcc/arm-none-eabi/13.3.1/../../../../arm-none-eabi/lib/thumb/v7-m/nofp\libc_nano.a(libc_a-makebuf.o)
                0x08005e9e                __smakebuf_r
 .text._putc_r  0x08005f16       0x68 C:/ST/STM32CubeCLT_1.18.0/GNU-tools-for-STM32/bin/../lib/gcc/arm-none-eabi/13.3.1/../../../../arm-none-eabi/lib/thumb/v7-m/nofp\libc_nano.a(libc_a-putc.o)
                0x08005f16                _putc_r
 .text.memmove  0x08005f7e       0x34 C:/ST/STM32CubeCLT_1.18.0/GNU-tools-for-STM32/bin/../lib/gcc/arm-none-eabi/13.3.1/../../../../arm-none-eabi/lib/thumb/v7-m/nofp\libc_nano.a(libc_a-memmove.o)
                0x08005f7e                memmove
 *fill*         0x08005fb2        0x2 
 .text._fstat_r
                0x08005fb4       0x24 C:/ST/STM32CubeCLT_1.18.0/GNU-tools-for-STM32/bin/../lib/gcc/arm-none-eabi/13.3.1/../../../../arm-none-eabi/lib/thumb/v7-m/nofp\libc_nano.a(libc_a-fstatr.o)
                0x08005fb4                _fstat_r
 .text._isatty_r
                0x08005fd8       0x20 C:/ST/STM32CubeCLT_1.18.0/GNU-tools-for-STM32/bin/../lib/gcc/arm-none-eabi/13.3.1/../../../../arm-none-eabi/lib/thumb/v7-m/nofp\libc_nano.a(libc_a-isattyr.o)
                0x08005fd8                _isatty_r
 .text._sbrk_r  0x08005ff8       0x20 C:/ST/STM32CubeCLT_1.18.0/GNU-tools-for-STM32/bin/../lib/gcc/arm-none-eabi/13.3.1/../../../../arm-none-eabi/lib/thumb/v7-m/nofp\libc_nano.a(libc_a-sbrkr.o)
                0x08005ff8                _sbrk_r
 .text.memchr   0x08006018       0x1c C:/ST/STM32CubeCLT_1.18.0/GNU-tools-for-STM32/bin/../lib/gcc/arm-none-eabi/13.3.1/../../../../arm-none-eabi/lib/thumb/v7-m/nofp\libc_nano.a(libc_a-memchr-stub.o)
                0x08006018                memchr
 .text._realloc_r
                0x08006034       0x5c C:/ST/STM32CubeCLT_1.18.0/GNU-tools-for-STM32/bin/../lib/gcc/arm-none-eabi/13.3.1/../../../../arm-none-eabi/lib/thumb/v7-m/nofp\libc_nano.a(libc_a-reallocr.o)
                0x08006034                _realloc_r
 .text._malloc_usable_size_r
                0x08006090       0x10 C:/ST/STM32CubeCLT_1.18.0/GNU-tools-for-STM32/bin/../lib/gcc/arm-none-eabi/13.3.1/../../../../arm-none-eabi/lib/thumb/v7-m/nofp\libc_nano.a(libc_a-msizer.o)
                0x08006090                _malloc_usable_size_r
 .text._close   0x080060a0       0x10 C:/ST/STM32CubeCLT_1.18.0/GNU-tools-for-STM32/bin/../lib/gcc/arm-none-eabi/13.3.1/../../../../arm-none-eabi/lib/thumb/v7-m/nofp\libnosys.a(close.o)
                0x080060a0                _close
 .text._fstat   0x080060b0       0x10 C:/ST/STM32CubeCLT_1.18.0/GNU-tools-for-STM32/bin/../lib/gcc/arm-none-eabi/13.3.1/../../../../arm-none-eabi/lib/thumb/v7-m/nofp\libnosys.a(fstat.o)
                0x080060b0                _fstat
 .text._isatty  0x080060c0       0x10 C:/ST/STM32CubeCLT_1.18.0/GNU-tools-for-STM32/bin/../lib/gcc/arm-none-eabi/13.3.1/../../../../arm-none-eabi/lib/thumb/v7-m/nofp\libnosys.a(isatty.o)
                0x080060c0                _isatty
 .text._lseek   0x080060d0       0x10 C:/ST/STM32CubeCLT_1.18.0/GNU-tools-for-STM32/bin/../lib/gcc/arm-none-eabi/13.3.1/../../../../arm-none-eabi/lib/thumb/v7-m/nofp\libnosys.a(lseek.o)
                0x080060d0                _lseek
 .text._read    0x080060e0       0x10 C:/ST/STM32CubeCLT_1.18.0/GNU-tools-for-STM32/bin/../lib/gcc/arm-none-eabi/13.3.1/../../../../arm-none-eabi/lib/thumb/v7-m/nofp\libnosys.a(read.o)
                0x080060e0                _read
 .text._sbrk    0x080060f0       0x1c C:/ST/STM32CubeCLT_1.18.0/GNU-tools-for-STM32/bin/../lib/gcc/arm-none-eabi/13.3.1/../../../../arm-none-eabi/lib/thumb/v7-m/nofp\libnosys.a(sbrk.o)
                0x080060f0                _sbrk
 *(.glue_7)
 .glue_7        0x0800610c        0x0 linker stubs
 *(.glue_7t)
 .glue_7t       0x0800610c        0x0 linker stubs
 *(.eh_frame)
 .eh_frame      0x0800610c        0x0 C:/ST/STM32CubeCLT_1.18.0/GNU-tools-for-STM32/bin/../lib/gcc/arm-none-eabi/13.3.1/thumb/v7-m/nofp/crtbegin.o
 *(.init)
 .init          0x0800610c        0x4 C:/ST/STM32CubeCLT_1.18.0/GNU-tools-for-STM32/bin/../lib/gcc/arm-none-eabi/13.3.1/thumb/v7-m/nofp/crti.o
                0x0800610c                _init
 .init          0x08006110        0x8 C:/ST/STM32CubeCLT_1.18.0/GNU-tools-for-STM32/bin/../lib/gcc/arm-none-eabi/13.3.1/thumb/v7-m/nofp/crtn.o
 *(.fini)
 .fini          0x08006118        0x4 C:/ST/STM32CubeCLT_1.18.0/GNU-tools-for-STM32/bin/../lib/gcc/arm-none-eabi/13.3.1/thumb/v7-m/nofp/crti.o
                0x08006118                _fini
 .fini          0x0800611c        0x8 C:/ST/STM32CubeCLT_1.18.0/GNU-tools-for-STM32/bin/../lib/gcc/arm-none-eabi/13.3.1/thumb/v7-m/nofp/crtn.o
                0x08006124                        . = ALIGN (0x4)
                0x08006124                        _etext = .

.vfp11_veneer   0x08006124        0x0
 .vfp11_veneer  0x08006124        0x0 linker stubs

.v4_bx          0x08006124        0x0
 .v4_bx         0x08006124        0x0 linker stubs

.iplt           0x08006124        0x0
 .iplt          0x08006124        0x0 C:/ST/STM32CubeCLT_1.18.0/GNU-tools-for-STM32/bin/../lib/gcc/arm-none-eabi/13.3.1/thumb/v7-m/nofp/crtbegin.o

.rodata         0x08006124      0x1f4
                0x08006124                        . = ALIGN (0x4)
 *(.rodata)
 *(.rodata*)
 .rodata.printBoard.str1.4
                0x08006124      0x192 build/main.o
                                 0x19 (size before relaxing)
 .rodata.main.str1.4
                0x080062b6      0x12d build/main.o
 .rodata.USBD_FS_ProductStrDescriptor.str1.4
                0x080062b6       0x16 build/usbd_desc.o
 .rodata.USBD_FS_ManufacturerStrDescriptor.str1.4
                0x080062b6       0x13 build/usbd_desc.o
 .rodata.USBD_FS_ConfigStrDescriptor.str1.4
                0x080062b6        0xb build/usbd_desc.o
 .rodata.USBD_FS_InterfaceStrDescriptor.str1.4
                0x080062b6        0xe build/usbd_desc.o
 *fill*         0x080062b6        0x2 
 .rodata.aPredivFactorTable.0
                0x080062b8        0x2 build/stm32f1xx_hal_rcc.o
 *fill*         0x080062ba        0x2 
 .rodata.aPLLMULFactorTable.1
                0x080062bc       0x10 build/stm32f1xx_hal_rcc.o
 .rodata.APBPrescTable
                0x080062cc        0x8 build/system_stm32f1xx.o
                0x080062cc                APBPrescTable
 .rodata.AHBPrescTable
                0x080062d4       0x10 build/system_stm32f1xx.o
                0x080062d4                AHBPrescTable
 .rodata._svfprintf_r.str1.1
                0x080062e4       0x33 C:/ST/STM32CubeCLT_1.18.0/GNU-tools-for-STM32/bin/../lib/gcc/arm-none-eabi/13.3.1/../../../../arm-none-eabi/lib/thumb/v7-m/nofp\libc_nano.a(libc_a-nano-svfprintf.o)
                                 0x11 (size before relaxing)
 .rodata._printf_i.str1.1
                0x08006317       0x22 C:/ST/STM32CubeCLT_1.18.0/GNU-tools-for-STM32/bin/../lib/gcc/arm-none-eabi/13.3.1/../../../../arm-none-eabi/lib/thumb/v7-m/nofp\libc_nano.a(libc_a-nano-vfprintf_i.o)
                0x0800633c                        . = ALIGN (0x4)
 *fill*         0x08006317        0x1 

.ARM.extab      0x08006318        0x0
                0x08006318                        . = ALIGN (0x4)
 *(.ARM.extab* .gnu.linkonce.armextab.*)
                0x08006318                        . = ALIGN (0x4)

.ARM            0x08006318        0x8
                0x08006318                        . = ALIGN (0x4)
                0x08006318                        __exidx_start = .
 *(.ARM.exidx*)
 .ARM.exidx     0x08006318        0x8 C:/ST/STM32CubeCLT_1.18.0/GNU-tools-for-STM32/bin/../lib/gcc/arm-none-eabi/13.3.1/../../../../arm-none-eabi/lib/thumb/v7-m/nofp\libc_nano.a(libc_a-strlen.o)
                0x08006320                        __exidx_end = .
                0x08006320                        . = ALIGN (0x4)

.preinit_array  0x08006320        0x0
                0x08006320                        . = ALIGN (0x4)
                0x08006320                        PROVIDE (__preinit_array_start = .)
 *(.preinit_array*)
                0x08006320                        PROVIDE (__preinit_array_end = .)
                0x08006320                        . = ALIGN (0x4)

.init_array     0x08006320        0x4
                0x08006320                        . = ALIGN (0x4)
                0x08006320                        PROVIDE (__init_array_start = .)
 *(SORT_BY_NAME(.init_array.*))
 *(.init_array*)
 .init_array    0x08006320        0x4 C:/ST/STM32CubeCLT_1.18.0/GNU-tools-for-STM32/bin/../lib/gcc/arm-none-eabi/13.3.1/thumb/v7-m/nofp/crtbegin.o
                0x08006324                        PROVIDE (__init_array_end = .)
                0x08006324                        . = ALIGN (0x4)

.fini_array     0x08006324        0x4
                0x08006324                        . = ALIGN (0x4)
                [!provide]                        PROVIDE (__fini_array_start = .)
 *(SORT_BY_NAME(.fini_array.*))
 *(.fini_array*)
 .fini_array    0x08006324        0x4 C:/ST/STM32CubeCLT_1.18.0/GNU-tools-for-STM32/bin/../lib/gcc/arm-none-eabi/13.3.1/thumb/v7-m/nofp/crtbegin.o
                [!provide]                        PROVIDE (__fini_array_end = .)
                0x08006328                        . = ALIGN (0x4)
                0x08006328                        _sidata = LOADADDR (.data)

.rel.dyn        0x08006328        0x0
 .rel.iplt      0x08006328        0x0 C:/ST/STM32CubeCLT_1.18.0/GNU-tools-for-STM32/bin/../lib/gcc/arm-none-eabi/13.3.1/thumb/v7-m/nofp/crtbegin.o

.data           0x20000000      0x248 load address 0x08006328
                0x20000000                        . = ALIGN (0x4)
                0x20000000                        _sdata = .
 *(.data)
 *(.data*)
 .data.redPins  0x20000000       0x12 build/main.o
                0x20000000                redPins
 *fill*         0x20000012        0x2 
 .data.greenPins
                0x20000014       0x12 build/main.o
                0x20000014                greenPins
 *fill*         0x20000026        0x2 
 .data.ledpinv  0x20000028       0x24 build/main.o
                0x20000028                ledpinv
 .data.ledpinr  0x2000004c       0x24 build/main.o
                0x2000004c                ledpinr
 .data.USBD_StringSerial
                0x20000070       0x1a build/usbd_desc.o
                0x20000070                USBD_StringSerial
 *fill*         0x2000008a        0x2 
 .data.USBD_LangIDDesc
                0x2000008c        0x4 build/usbd_desc.o
                0x2000008c                USBD_LangIDDesc
 .data.USBD_FS_DeviceDesc
                0x20000090       0x12 build/usbd_desc.o
                0x20000090                USBD_FS_DeviceDesc
 *fill*         0x200000a2        0x2 
 .data.FS_Desc  0x200000a4       0x1c build/usbd_desc.o
                0x200000a4                FS_Desc
 .data.USBD_Interface_fops_FS
                0x200000c0       0x10 build/usbd_cdc_if.o
                0x200000c0                USBD_Interface_fops_FS
 .data.uwTickFreq
                0x200000d0        0x1 build/stm32f1xx_hal.o
                0x200000d0                uwTickFreq
 *fill*         0x200000d1        0x3 
 .data.uwTickPrio
                0x200000d4        0x4 build/stm32f1xx_hal.o
                0x200000d4                uwTickPrio
 .data.SystemCoreClock
                0x200000d8        0x4 build/system_stm32f1xx.o
                0x200000d8                SystemCoreClock
 .data.USBD_CDC_OtherSpeedCfgDesc
                0x200000dc       0x43 build/usbd_cdc.o
                0x200000dc                USBD_CDC_OtherSpeedCfgDesc
 *fill*         0x2000011f        0x1 
 .data.USBD_CDC_CfgFSDesc
                0x20000120       0x43 build/usbd_cdc.o
                0x20000120                USBD_CDC_CfgFSDesc
 *fill*         0x20000163        0x1 
 .data.USBD_CDC_CfgHSDesc
                0x20000164       0x43 build/usbd_cdc.o
                0x20000164                USBD_CDC_CfgHSDesc
 *fill*         0x200001a7        0x1 
 .data.USBD_CDC
                0x200001a8       0x38 build/usbd_cdc.o
                0x200001a8                USBD_CDC
 .data.USBD_CDC_DeviceQualifierDesc
                0x200001e0        0xa build/usbd_cdc.o
 *fill*         0x200001ea        0x2 
 .data.__sglue  0x200001ec        0xc C:/ST/STM32CubeCLT_1.18.0/GNU-tools-for-STM32/bin/../lib/gcc/arm-none-eabi/13.3.1/../../../../arm-none-eabi/lib/thumb/v7-m/nofp\libc_nano.a(libc_a-findfp.o)
                0x200001ec                __sglue
 .data._impure_ptr
                0x200001f8        0x4 C:/ST/STM32CubeCLT_1.18.0/GNU-tools-for-STM32/bin/../lib/gcc/arm-none-eabi/13.3.1/../../../../arm-none-eabi/lib/thumb/v7-m/nofp\libc_nano.a(libc_a-impure.o)
                0x200001f8                _impure_ptr
 .data._impure_data
                0x200001fc       0x4c C:/ST/STM32CubeCLT_1.18.0/GNU-tools-for-STM32/bin/../lib/gcc/arm-none-eabi/13.3.1/../../../../arm-none-eabi/lib/thumb/v7-m/nofp\libc_nano.a(libc_a-impure.o)
                0x200001fc                _impure_data
 *(.RamFunc)
 *(.RamFunc*)
                0x20000248                        . = ALIGN (0x4)
                0x20000248                        _edata = .

.igot.plt       0x20000248        0x0 load address 0x08006570
 .igot.plt      0x20000248        0x0 C:/ST/STM32CubeCLT_1.18.0/GNU-tools-for-STM32/bin/../lib/gcc/arm-none-eabi/13.3.1/thumb/v7-m/nofp/crtbegin.o
                0x20000248                        . = ALIGN (0x4)

.bss            0x20000248     0x13d0 load address 0x08006570
                0x20000248                        _sbss = .
                0x20000248                        __bss_start__ = _sbss
 *(.bss)
 .bss           0x20000248       0x1c C:/ST/STM32CubeCLT_1.18.0/GNU-tools-for-STM32/bin/../lib/gcc/arm-none-eabi/13.3.1/thumb/v7-m/nofp/crtbegin.o
 *(.bss*)
 .bss.board     0x20000264        0x9 build/main.o
                0x20000264                board
 *fill*         0x2000026d        0x3 
 .bss.uart_buf  0x20000270        0x1 build/main.o
                0x20000270                uart_buf
 *fill*         0x20000271        0x3 
 .bss.huart1    0x20000274       0x48 build/main.o
                0x20000274                huart1
 .bss.htim2     0x200002bc       0x48 build/main.o
                0x200002bc                htim2
 .bss.hUsbDeviceFS
                0x20000304      0x2c4 build/usb_device.o
                0x20000304                hUsbDeviceFS
 .bss.USBD_StrDesc
                0x200005c8      0x200 build/usbd_desc.o
                0x200005c8                USBD_StrDesc
 .bss.UserTxBufferFS
                0x200007c8      0x400 build/usbd_cdc_if.o
                0x200007c8                UserTxBufferFS
 .bss.UserRxBufferFS
                0x20000bc8      0x400 build/usbd_cdc_if.o
                0x20000bc8                UserRxBufferFS
 .bss.mem.0     0x20000fc8      0x220 build/usbd_conf.o
 .bss.hpcd_USB_FS
                0x200011e8      0x2d8 build/usbd_conf.o
                0x200011e8                hpcd_USB_FS
 .bss.uwTick    0x200014c0        0x4 build/stm32f1xx_hal.o
                0x200014c0                uwTick
 .bss.cfgidx.0  0x200014c4        0x1 build/usbd_ctlreq.o
 *fill*         0x200014c5        0x3 
 .bss.__sf      0x200014c8      0x138 C:/ST/STM32CubeCLT_1.18.0/GNU-tools-for-STM32/bin/../lib/gcc/arm-none-eabi/13.3.1/../../../../arm-none-eabi/lib/thumb/v7-m/nofp\libc_nano.a(libc_a-findfp.o)
                0x200014c8                __sf
 .bss.__stdio_exit_handler
                0x20001600        0x4 C:/ST/STM32CubeCLT_1.18.0/GNU-tools-for-STM32/bin/../lib/gcc/arm-none-eabi/13.3.1/../../../../arm-none-eabi/lib/thumb/v7-m/nofp\libc_nano.a(libc_a-findfp.o)
                0x20001600                __stdio_exit_handler
 .bss.errno     0x20001604        0x4 C:/ST/STM32CubeCLT_1.18.0/GNU-tools-for-STM32/bin/../lib/gcc/arm-none-eabi/13.3.1/../../../../arm-none-eabi/lib/thumb/v7-m/nofp\libc_nano.a(libc_a-reent.o)
                0x20001604                errno
 .bss.__lock___malloc_recursive_mutex
                0x20001608        0x1 C:/ST/STM32CubeCLT_1.18.0/GNU-tools-for-STM32/bin/../lib/gcc/arm-none-eabi/13.3.1/../../../../arm-none-eabi/lib/thumb/v7-m/nofp\libc_nano.a(libc_a-lock.o)
                0x20001608                __lock___malloc_recursive_mutex
 .bss.__lock___sfp_recursive_mutex
                0x20001609        0x1 C:/ST/STM32CubeCLT_1.18.0/GNU-tools-for-STM32/bin/../lib/gcc/arm-none-eabi/13.3.1/../../../../arm-none-eabi/lib/thumb/v7-m/nofp\libc_nano.a(libc_a-lock.o)
                0x20001609                __lock___sfp_recursive_mutex
 *fill*         0x2000160a        0x2 
 .bss.__malloc_sbrk_start
                0x2000160c        0x4 C:/ST/STM32CubeCLT_1.18.0/GNU-tools-for-STM32/bin/../lib/gcc/arm-none-eabi/13.3.1/../../../../arm-none-eabi/lib/thumb/v7-m/nofp\libc_nano.a(libc_a-mallocr.o)
                0x2000160c                __malloc_sbrk_start
 .bss.__malloc_free_list
                0x20001610        0x4 C:/ST/STM32CubeCLT_1.18.0/GNU-tools-for-STM32/bin/../lib/gcc/arm-none-eabi/13.3.1/../../../../arm-none-eabi/lib/thumb/v7-m/nofp\libc_nano.a(libc_a-mallocr.o)
                0x20001610                __malloc_free_list
 .bss.heap_end.0
                0x20001614        0x4 C:/ST/STM32CubeCLT_1.18.0/GNU-tools-for-STM32/bin/../lib/gcc/arm-none-eabi/13.3.1/../../../../arm-none-eabi/lib/thumb/v7-m/nofp\libnosys.a(sbrk.o)
 *(COMMON)
                0x20001618                        . = ALIGN (0x4)
                0x20001618                        _ebss = .
                0x20001618                        __bss_end__ = _ebss

._user_heap_stack
                0x20001618      0x600 load address 0x08006570
                0x20001618                        . = ALIGN (0x8)
                0x20001618                        PROVIDE (end = .)
                [!provide]                        PROVIDE (_end = .)
                0x20001818                        . = (. + _Min_Heap_Size)
 *fill*         0x20001618      0x200 
                0x20001c18                        . = (. + _Min_Stack_Size)
 *fill*         0x20001818      0x400 
                0x20001c18                        . = ALIGN (0x8)

/DISCARD/
 libc.a(*)
 libm.a(*)
 libgcc.a(*)
OUTPUT(build/TicTacToe.elf elf32-littlearm)
LOAD linker stubs
LOAD C:/ST/STM32CubeCLT_1.18.0/GNU-tools-for-STM32/bin/../lib/gcc/arm-none-eabi/13.3.1/../../../../arm-none-eabi/lib/thumb/v7-m/nofp\libc.a
LOAD C:/ST/STM32CubeCLT_1.18.0/GNU-tools-for-STM32/bin/../lib/gcc/arm-none-eabi/13.3.1/../../../../arm-none-eabi/lib/thumb/v7-m/nofp\libm.a
LOAD C:/ST/STM32CubeCLT_1.18.0/GNU-tools-for-STM32/bin/../lib/gcc/arm-none-eabi/13.3.1/thumb/v7-m/nofp\libgcc.a

.ARM.attributes
                0x00000000       0x29
 .ARM.attributes
                0x00000000       0x1d C:/ST/STM32CubeCLT_1.18.0/GNU-tools-for-STM32/bin/../lib/gcc/arm-none-eabi/13.3.1/thumb/v7-m/nofp/crti.o
 .ARM.attributes
                0x0000001d       0x2d C:/ST/STM32CubeCLT_1.18.0/GNU-tools-for-STM32/bin/../lib/gcc/arm-none-eabi/13.3.1/thumb/v7-m/nofp/crtbegin.o
 .ARM.attributes
                0x0000004a       0x2d build/main.o
 .ARM.attributes
                0x00000077       0x2d build/stm32f1xx_it.o
 .ARM.attributes
                0x000000a4       0x2d build/stm32f1xx_hal_msp.o
 .ARM.attributes
                0x000000d1       0x2d build/usb_device.o
 .ARM.attributes
                0x000000fe       0x2d build/usbd_desc.o
 .ARM.attributes
                0x0000012b       0x2d build/usbd_cdc_if.o
 .ARM.attributes
                0x00000158       0x2d build/usbd_conf.o
 .ARM.attributes
                0x00000185       0x2d build/stm32f1xx_hal_pcd.o
 .ARM.attributes
                0x000001b2       0x2d build/stm32f1xx_hal_pcd_ex.o
 .ARM.attributes
                0x000001df       0x2d build/stm32f1xx_ll_usb.o
 .ARM.attributes
                0x0000020c       0x2d build/stm32f1xx_hal.o
 .ARM.attributes
                0x00000239       0x2d build/stm32f1xx_hal_rcc.o
 .ARM.attributes
                0x00000266       0x2d build/stm32f1xx_hal_rcc_ex.o
 .ARM.attributes
                0x00000293       0x2d build/stm32f1xx_hal_gpio.o
 .ARM.attributes
                0x000002c0       0x2d build/stm32f1xx_hal_cortex.o
 .ARM.attributes
                0x000002ed       0x2d build/stm32f1xx_hal_tim.o
 .ARM.attributes
                0x0000031a       0x2d build/stm32f1xx_hal_tim_ex.o
 .ARM.attributes
                0x00000347       0x2d build/stm32f1xx_hal_uart.o
 .ARM.attributes
                0x00000374       0x2d build/system_stm32f1xx.o
 .ARM.attributes
                0x000003a1       0x2d build/usbd_core.o
 .ARM.attributes
                0x000003ce       0x2d build/usbd_ctlreq.o
 .ARM.attributes
                0x000003fb       0x2d build/usbd_ioreq.o
 .ARM.attributes
                0x00000428       0x2d build/usbd_cdc.o
 .ARM.attributes
                0x00000455       0x21 build/startup_stm32f103xb.o
 .ARM.attributes
                0x00000476       0x2d C:/ST/STM32CubeCLT_1.18.0/GNU-tools-for-STM32/bin/../lib/gcc/arm-none-eabi/13.3.1/../../../../arm-none-eabi/lib/thumb/v7-m/nofp\libc_nano.a(libc_a-findfp.o)
 .ARM.attributes
                0x000004a3       0x2d C:/ST/STM32CubeCLT_1.18.0/GNU-tools-for-STM32/bin/../lib/gcc/arm-none-eabi/13.3.1/../../../../arm-none-eabi/lib/thumb/v7-m/nofp\libc_nano.a(libc_a-fwalk.o)
 .ARM.attributes
                0x000004d0       0x2d C:/ST/STM32CubeCLT_1.18.0/GNU-tools-for-STM32/bin/../lib/gcc/arm-none-eabi/13.3.1/../../../../arm-none-eabi/lib/thumb/v7-m/nofp\libc_nano.a(libc_a-putchar.o)
 .ARM.attributes
                0x000004fd       0x2d C:/ST/STM32CubeCLT_1.18.0/GNU-tools-for-STM32/bin/../lib/gcc/arm-none-eabi/13.3.1/../../../../arm-none-eabi/lib/thumb/v7-m/nofp\libc_nano.a(libc_a-puts.o)
 .ARM.attributes
                0x0000052a       0x2d C:/ST/STM32CubeCLT_1.18.0/GNU-tools-for-STM32/bin/../lib/gcc/arm-none-eabi/13.3.1/../../../../arm-none-eabi/lib/thumb/v7-m/nofp\libc_nano.a(libc_a-sprintf.o)
 .ARM.attributes
                0x00000557       0x2d C:/ST/STM32CubeCLT_1.18.0/GNU-tools-for-STM32/bin/../lib/gcc/arm-none-eabi/13.3.1/../../../../arm-none-eabi/lib/thumb/v7-m/nofp\libc_nano.a(libc_a-stdio.o)
 .ARM.attributes
                0x00000584       0x2d C:/ST/STM32CubeCLT_1.18.0/GNU-tools-for-STM32/bin/../lib/gcc/arm-none-eabi/13.3.1/../../../../arm-none-eabi/lib/thumb/v7-m/nofp\libc_nano.a(libc_a-wbuf.o)
 .ARM.attributes
                0x000005b1       0x2d C:/ST/STM32CubeCLT_1.18.0/GNU-tools-for-STM32/bin/../lib/gcc/arm-none-eabi/13.3.1/../../../../arm-none-eabi/lib/thumb/v7-m/nofp\libc_nano.a(libc_a-wsetup.o)
 .ARM.attributes
                0x000005de       0x2d C:/ST/STM32CubeCLT_1.18.0/GNU-tools-for-STM32/bin/../lib/gcc/arm-none-eabi/13.3.1/../../../../arm-none-eabi/lib/thumb/v7-m/nofp\libc_nano.a(libc_a-memset.o)
 .ARM.attributes
                0x0000060b       0x2d C:/ST/STM32CubeCLT_1.18.0/GNU-tools-for-STM32/bin/../lib/gcc/arm-none-eabi/13.3.1/../../../../arm-none-eabi/lib/thumb/v7-m/nofp\libc_nano.a(libc_a-closer.o)
 .ARM.attributes
                0x00000638       0x2d C:/ST/STM32CubeCLT_1.18.0/GNU-tools-for-STM32/bin/../lib/gcc/arm-none-eabi/13.3.1/../../../../arm-none-eabi/lib/thumb/v7-m/nofp\libc_nano.a(libc_a-reent.o)
 .ARM.attributes
                0x00000665       0x2d C:/ST/STM32CubeCLT_1.18.0/GNU-tools-for-STM32/bin/../lib/gcc/arm-none-eabi/13.3.1/../../../../arm-none-eabi/lib/thumb/v7-m/nofp\libc_nano.a(libc_a-impure.o)
 .ARM.attributes
                0x00000692       0x2d C:/ST/STM32CubeCLT_1.18.0/GNU-tools-for-STM32/bin/../lib/gcc/arm-none-eabi/13.3.1/../../../../arm-none-eabi/lib/thumb/v7-m/nofp\libc_nano.a(libc_a-lseekr.o)
 .ARM.attributes
                0x000006bf       0x2d C:/ST/STM32CubeCLT_1.18.0/GNU-tools-for-STM32/bin/../lib/gcc/arm-none-eabi/13.3.1/../../../../arm-none-eabi/lib/thumb/v7-m/nofp\libc_nano.a(libc_a-readr.o)
 .ARM.attributes
                0x000006ec       0x2d C:/ST/STM32CubeCLT_1.18.0/GNU-tools-for-STM32/bin/../lib/gcc/arm-none-eabi/13.3.1/../../../../arm-none-eabi/lib/thumb/v7-m/nofp\libc_nano.a(libc_a-writer.o)
 .ARM.attributes
                0x00000719       0x2d C:/ST/STM32CubeCLT_1.18.0/GNU-tools-for-STM32/bin/../lib/gcc/arm-none-eabi/13.3.1/../../../../arm-none-eabi/lib/thumb/v7-m/nofp\libc_nano.a(libc_a-init.o)
 .ARM.attributes
                0x00000746       0x2d C:/ST/STM32CubeCLT_1.18.0/GNU-tools-for-STM32/bin/../lib/gcc/arm-none-eabi/13.3.1/../../../../arm-none-eabi/lib/thumb/v7-m/nofp\libc_nano.a(libc_a-lock.o)
 .ARM.attributes
                0x00000773       0x2d C:/ST/STM32CubeCLT_1.18.0/GNU-tools-for-STM32/bin/../lib/gcc/arm-none-eabi/13.3.1/../../../../arm-none-eabi/lib/thumb/v7-m/nofp\libc_nano.a(libc_a-memcpy-stub.o)
 .ARM.attributes
                0x000007a0       0x17 C:/ST/STM32CubeCLT_1.18.0/GNU-tools-for-STM32/bin/../lib/gcc/arm-none-eabi/13.3.1/../../../../arm-none-eabi/lib/thumb/v7-m/nofp\libc_nano.a(libc_a-strlen.o)
 .ARM.attributes
                0x000007b7       0x2d C:/ST/STM32CubeCLT_1.18.0/GNU-tools-for-STM32/bin/../lib/gcc/arm-none-eabi/13.3.1/../../../../arm-none-eabi/lib/thumb/v7-m/nofp\libc_nano.a(libc_a-freer.o)
 .ARM.attributes
                0x000007e4       0x2d C:/ST/STM32CubeCLT_1.18.0/GNU-tools-for-STM32/bin/../lib/gcc/arm-none-eabi/13.3.1/../../../../arm-none-eabi/lib/thumb/v7-m/nofp\libc_nano.a(libc_a-mallocr.o)
 .ARM.attributes
                0x00000811       0x2d C:/ST/STM32CubeCLT_1.18.0/GNU-tools-for-STM32/bin/../lib/gcc/arm-none-eabi/13.3.1/../../../../arm-none-eabi/lib/thumb/v7-m/nofp\libc_nano.a(libc_a-mlock.o)
 .ARM.attributes
                0x0000083e       0x2d C:/ST/STM32CubeCLT_1.18.0/GNU-tools-for-STM32/bin/../lib/gcc/arm-none-eabi/13.3.1/../../../../arm-none-eabi/lib/thumb/v7-m/nofp\libc_nano.a(libc_a-nano-svfprintf.o)
 .ARM.attributes
                0x0000086b       0x2d C:/ST/STM32CubeCLT_1.18.0/GNU-tools-for-STM32/bin/../lib/gcc/arm-none-eabi/13.3.1/../../../../arm-none-eabi/lib/thumb/v7-m/nofp\libc_nano.a(libc_a-nano-vfprintf_i.o)
 .ARM.attributes
                0x00000898       0x2d C:/ST/STM32CubeCLT_1.18.0/GNU-tools-for-STM32/bin/../lib/gcc/arm-none-eabi/13.3.1/../../../../arm-none-eabi/lib/thumb/v7-m/nofp\libc_nano.a(libc_a-fflush.o)
 .ARM.attributes
                0x000008c5       0x2d C:/ST/STM32CubeCLT_1.18.0/GNU-tools-for-STM32/bin/../lib/gcc/arm-none-eabi/13.3.1/../../../../arm-none-eabi/lib/thumb/v7-m/nofp\libc_nano.a(libc_a-makebuf.o)
 .ARM.attributes
                0x000008f2       0x2d C:/ST/STM32CubeCLT_1.18.0/GNU-tools-for-STM32/bin/../lib/gcc/arm-none-eabi/13.3.1/../../../../arm-none-eabi/lib/thumb/v7-m/nofp\libc_nano.a(libc_a-putc.o)
 .ARM.attributes
                0x0000091f       0x2d C:/ST/STM32CubeCLT_1.18.0/GNU-tools-for-STM32/bin/../lib/gcc/arm-none-eabi/13.3.1/../../../../arm-none-eabi/lib/thumb/v7-m/nofp\libc_nano.a(libc_a-memmove.o)
 .ARM.attributes
                0x0000094c       0x2d C:/ST/STM32CubeCLT_1.18.0/GNU-tools-for-STM32/bin/../lib/gcc/arm-none-eabi/13.3.1/../../../../arm-none-eabi/lib/thumb/v7-m/nofp\libc_nano.a(libc_a-fstatr.o)
 .ARM.attributes
                0x00000979       0x2d C:/ST/STM32CubeCLT_1.18.0/GNU-tools-for-STM32/bin/../lib/gcc/arm-none-eabi/13.3.1/../../../../arm-none-eabi/lib/thumb/v7-m/nofp\libc_nano.a(libc_a-isattyr.o)
 .ARM.attributes
                0x000009a6       0x2d C:/ST/STM32CubeCLT_1.18.0/GNU-tools-for-STM32/bin/../lib/gcc/arm-none-eabi/13.3.1/../../../../arm-none-eabi/lib/thumb/v7-m/nofp\libc_nano.a(libc_a-sbrkr.o)
 .ARM.attributes
                0x000009d3       0x2d C:/ST/STM32CubeCLT_1.18.0/GNU-tools-for-STM32/bin/../lib/gcc/arm-none-eabi/13.3.1/../../../../arm-none-eabi/lib/thumb/v7-m/nofp\libc_nano.a(libc_a-memchr-stub.o)
 .ARM.attributes
                0x00000a00       0x2d C:/ST/STM32CubeCLT_1.18.0/GNU-tools-for-STM32/bin/../lib/gcc/arm-none-eabi/13.3.1/../../../../arm-none-eabi/lib/thumb/v7-m/nofp\libc_nano.a(libc_a-reallocr.o)
 .ARM.attributes
                0x00000a2d       0x2d C:/ST/STM32CubeCLT_1.18.0/GNU-tools-for-STM32/bin/../lib/gcc/arm-none-eabi/13.3.1/../../../../arm-none-eabi/lib/thumb/v7-m/nofp\libc_nano.a(libc_a-msizer.o)
 .ARM.attributes
                0x00000a5a       0x2d C:/ST/STM32CubeCLT_1.18.0/GNU-tools-for-STM32/bin/../lib/gcc/arm-none-eabi/13.3.1/../../../../arm-none-eabi/lib/thumb/v7-m/nofp\libnosys.a(close.o)
 .ARM.attributes
                0x00000a87       0x2d C:/ST/STM32CubeCLT_1.18.0/GNU-tools-for-STM32/bin/../lib/gcc/arm-none-eabi/13.3.1/../../../../arm-none-eabi/lib/thumb/v7-m/nofp\libnosys.a(fstat.o)
 .ARM.attributes
                0x00000ab4       0x2d C:/ST/STM32CubeCLT_1.18.0/GNU-tools-for-STM32/bin/../lib/gcc/arm-none-eabi/13.3.1/../../../../arm-none-eabi/lib/thumb/v7-m/nofp\libnosys.a(isatty.o)
 .ARM.attributes
                0x00000ae1       0x2d C:/ST/STM32CubeCLT_1.18.0/GNU-tools-for-STM32/bin/../lib/gcc/arm-none-eabi/13.3.1/../../../../arm-none-eabi/lib/thumb/v7-m/nofp\libnosys.a(lseek.o)
 .ARM.attributes
                0x00000b0e       0x2d C:/ST/STM32CubeCLT_1.18.0/GNU-tools-for-STM32/bin/../lib/gcc/arm-none-eabi/13.3.1/../../../../arm-none-eabi/lib/thumb/v7-m/nofp\libnosys.a(read.o)
 .ARM.attributes
                0x00000b3b       0x2d C:/ST/STM32CubeCLT_1.18.0/GNU-tools-for-STM32/bin/../lib/gcc/arm-none-eabi/13.3.1/../../../../arm-none-eabi/lib/thumb/v7-m/nofp\libnosys.a(sbrk.o)
 .ARM.attributes
                0x00000b68       0x1d C:/ST/STM32CubeCLT_1.18.0/GNU-tools-for-STM32/bin/../lib/gcc/arm-none-eabi/13.3.1/thumb/v7-m/nofp/crtn.o

.comment        0x00000000       0x43
 .comment       0x00000000       0x43 build/main.o
                                 0x44 (size before relaxing)
 .comment       0x00000043       0x44 build/stm32f1xx_it.o
 .comment       0x00000043       0x44 build/stm32f1xx_hal_msp.o
 .comment       0x00000043       0x44 build/usb_device.o
 .comment       0x00000043       0x44 build/usbd_desc.o
 .comment       0x00000043       0x44 build/usbd_cdc_if.o
 .comment       0x00000043       0x44 build/usbd_conf.o
 .comment       0x00000043       0x44 build/stm32f1xx_hal_pcd.o
 .comment       0x00000043       0x44 build/stm32f1xx_hal_pcd_ex.o
 .comment       0x00000043       0x44 build/stm32f1xx_ll_usb.o
 .comment       0x00000043       0x44 build/stm32f1xx_hal.o
 .comment       0x00000043       0x44 build/stm32f1xx_hal_rcc.o
 .comment       0x00000043       0x44 build/stm32f1xx_hal_rcc_ex.o
 .comment       0x00000043       0x44 build/stm32f1xx_hal_gpio.o
 .comment       0x00000043       0x44 build/stm32f1xx_hal_cortex.o
 .comment       0x00000043       0x44 build/stm32f1xx_hal_tim.o
 .comment       0x00000043       0x44 build/stm32f1xx_hal_tim_ex.o
 .comment       0x00000043       0x44 build/stm32f1xx_hal_uart.o
 .comment       0x00000043       0x44 build/system_stm32f1xx.o
 .comment       0x00000043       0x44 build/usbd_core.o
 .comment       0x00000043       0x44 build/usbd_ctlreq.o
 .comment       0x00000043       0x44 build/usbd_ioreq.o
 .comment       0x00000043       0x44 build/usbd_cdc.o

.debug_info     0x00000000    0x1ca6a
 .debug_info    0x00000000     0x1f38 build/main.o
 .debug_info    0x00001f38      0xd46 build/stm32f1xx_it.o
 .debug_info    0x00002c7e      0xf69 build/stm32f1xx_hal_msp.o
 .debug_info    0x00003be7      0x792 build/usb_device.o
 .debug_info    0x00004379      0x654 build/usbd_desc.o
 .debug_info    0x000049cd      0x996 build/usbd_cdc_if.o
 .debug_info    0x00005363     0x2061 build/usbd_conf.o
 .debug_info    0x000073c4     0x1f87 build/stm32f1xx_hal_pcd.o
 .debug_info    0x0000934b      0x7c8 build/stm32f1xx_hal_pcd_ex.o
 .debug_info    0x00009b13     0x1d36 build/stm32f1xx_ll_usb.o
 .debug_info    0x0000b849      0x880 build/stm32f1xx_hal.o
 .debug_info    0x0000c0c9      0xb10 build/stm32f1xx_hal_rcc.o
 .debug_info    0x0000cbd9      0x47d build/stm32f1xx_hal_rcc_ex.o
 .debug_info    0x0000d056      0x6d7 build/stm32f1xx_hal_gpio.o
 .debug_info    0x0000d72d      0xe3f build/stm32f1xx_hal_cortex.o
 .debug_info    0x0000e56c     0x4146 build/stm32f1xx_hal_tim.o
 .debug_info    0x000126b2     0x1d4f build/stm32f1xx_hal_tim_ex.o
 .debug_info    0x00014401     0x430f build/stm32f1xx_hal_uart.o
 .debug_info    0x00018710      0x26e build/system_stm32f1xx.o
 .debug_info    0x0001897e      0xf97 build/usbd_core.o
 .debug_info    0x00019915     0x1203 build/usbd_ctlreq.o
 .debug_info    0x0001ab18      0x946 build/usbd_ioreq.o
 .debug_info    0x0001b45e     0x15dc build/usbd_cdc.o
 .debug_info    0x0001ca3a       0x30 build/startup_stm32f103xb.o

.debug_abbrev   0x00000000     0x3978
 .debug_abbrev  0x00000000      0x3f8 build/main.o
 .debug_abbrev  0x000003f8      0x1b0 build/stm32f1xx_it.o
 .debug_abbrev  0x000005a8      0x206 build/stm32f1xx_hal_msp.o
 .debug_abbrev  0x000007ae      0x195 build/usb_device.o
 .debug_abbrev  0x00000943      0x23c build/usbd_desc.o
 .debug_abbrev  0x00000b7f      0x26d build/usbd_cdc_if.o
 .debug_abbrev  0x00000dec      0x33e build/usbd_conf.o
 .debug_abbrev  0x0000112a      0x32d build/stm32f1xx_hal_pcd.o
 .debug_abbrev  0x00001457      0x184 build/stm32f1xx_hal_pcd_ex.o
 .debug_abbrev  0x000015db      0x262 build/stm32f1xx_ll_usb.o
 .debug_abbrev  0x0000183d      0x232 build/stm32f1xx_hal.o
 .debug_abbrev  0x00001a6f      0x2d6 build/stm32f1xx_hal_rcc.o
 .debug_abbrev  0x00001d45      0x1d4 build/stm32f1xx_hal_rcc_ex.o
 .debug_abbrev  0x00001f19      0x222 build/stm32f1xx_hal_gpio.o
 .debug_abbrev  0x0000213b      0x3aa build/stm32f1xx_hal_cortex.o
 .debug_abbrev  0x000024e5      0x2bd build/stm32f1xx_hal_tim.o
 .debug_abbrev  0x000027a2      0x2b7 build/stm32f1xx_hal_tim_ex.o
 .debug_abbrev  0x00002a59      0x35f build/stm32f1xx_hal_uart.o
 .debug_abbrev  0x00002db8      0x140 build/system_stm32f1xx.o
 .debug_abbrev  0x00002ef8      0x2ae build/usbd_core.o
 .debug_abbrev  0x000031a6      0x2ec build/usbd_ctlreq.o
 .debug_abbrev  0x00003492      0x18e build/usbd_ioreq.o
 .debug_abbrev  0x00003620      0x33b build/usbd_cdc.o
 .debug_abbrev  0x0000395b       0x1d build/startup_stm32f103xb.o

.debug_loc      0x00000000    0x17c2e
 .debug_loc     0x00000000      0x797 build/main.o
 .debug_loc     0x00000797       0x60 build/stm32f1xx_it.o
 .debug_loc     0x000007f7      0x212 build/stm32f1xx_hal_msp.o
 .debug_loc     0x00000a09       0x20 build/usb_device.o
 .debug_loc     0x00000a29      0x4e7 build/usbd_desc.o
 .debug_loc     0x00000f10      0x1bb build/usbd_cdc_if.o
 .debug_loc     0x000010cb     0x105a build/usbd_conf.o
 .debug_loc     0x00002125     0x1aa9 build/stm32f1xx_hal_pcd.o
 .debug_loc     0x00003bce      0x15a build/stm32f1xx_hal_pcd_ex.o
 .debug_loc     0x00003d28     0x1b49 build/stm32f1xx_ll_usb.o
 .debug_loc     0x00005871      0x1f9 build/stm32f1xx_hal.o
 .debug_loc     0x00005a6a      0x7c6 build/stm32f1xx_hal_rcc.o
 .debug_loc     0x00006230      0x4a9 build/stm32f1xx_hal_rcc_ex.o
 .debug_loc     0x000066d9      0x56c build/stm32f1xx_hal_gpio.o
 .debug_loc     0x00006c45      0x8b4 build/stm32f1xx_hal_cortex.o
 .debug_loc     0x000074f9     0x618f build/stm32f1xx_hal_tim.o
 .debug_loc     0x0000d688     0x227b build/stm32f1xx_hal_tim_ex.o
 .debug_loc     0x0000f903     0x4ff4 build/stm32f1xx_hal_uart.o
 .debug_loc     0x000148f7      0x11b build/system_stm32f1xx.o
 .debug_loc     0x00014a12      0xbaa build/usbd_core.o
 .debug_loc     0x000155bc     0x17db build/usbd_ctlreq.o
 .debug_loc     0x00016d97      0x3f8 build/usbd_ioreq.o
 .debug_loc     0x0001718f      0xa9f build/usbd_cdc.o

.debug_aranges  0x00000000     0x1200
 .debug_aranges
                0x00000000       0xa0 build/main.o
 .debug_aranges
                0x000000a0       0x70 build/stm32f1xx_it.o
 .debug_aranges
                0x00000110       0x40 build/stm32f1xx_hal_msp.o
 .debug_aranges
                0x00000150       0x20 build/usb_device.o
 .debug_aranges
                0x00000170       0x60 build/usbd_desc.o
 .debug_aranges
                0x000001d0       0x40 build/usbd_cdc_if.o
 .debug_aranges
                0x00000210      0x118 build/usbd_conf.o
 .debug_aranges
                0x00000328      0x140 build/stm32f1xx_hal_pcd.o
 .debug_aranges
                0x00000468       0x38 build/stm32f1xx_hal_pcd_ex.o
 .debug_aranges
                0x000004a0       0xf8 build/stm32f1xx_ll_usb.o
 .debug_aranges
                0x00000598       0xe0 build/stm32f1xx_hal.o
 .debug_aranges
                0x00000678       0x90 build/stm32f1xx_hal_rcc.o
 .debug_aranges
                0x00000708       0x30 build/stm32f1xx_hal_rcc_ex.o
 .debug_aranges
                0x00000738       0x58 build/stm32f1xx_hal_gpio.o
 .debug_aranges
                0x00000790       0xc0 build/stm32f1xx_hal_cortex.o
 .debug_aranges
                0x00000850      0x3d0 build/stm32f1xx_hal_tim.o
 .debug_aranges
                0x00000c20      0x168 build/stm32f1xx_hal_tim_ex.o
 .debug_aranges
                0x00000d88      0x208 build/stm32f1xx_hal_uart.o
 .debug_aranges
                0x00000f90       0x28 build/system_stm32f1xx.o
 .debug_aranges
                0x00000fb8       0xb8 build/usbd_core.o
 .debug_aranges
                0x00001070       0x88 build/usbd_ctlreq.o
 .debug_aranges
                0x000010f8       0x50 build/usbd_ioreq.o
 .debug_aranges
                0x00001148       0x90 build/usbd_cdc.o
 .debug_aranges
                0x000011d8       0x28 build/startup_stm32f103xb.o

.debug_ranges   0x00000000     0x14f0
 .debug_ranges  0x00000000      0x160 build/main.o
 .debug_ranges  0x00000160       0x60 build/stm32f1xx_it.o
 .debug_ranges  0x000001c0       0x30 build/stm32f1xx_hal_msp.o
 .debug_ranges  0x000001f0       0x10 build/usb_device.o
 .debug_ranges  0x00000200       0x50 build/usbd_desc.o
 .debug_ranges  0x00000250       0x30 build/usbd_cdc_if.o
 .debug_ranges  0x00000280      0x108 build/usbd_conf.o
 .debug_ranges  0x00000388      0x240 build/stm32f1xx_hal_pcd.o
 .debug_ranges  0x000005c8       0x28 build/stm32f1xx_hal_pcd_ex.o
 .debug_ranges  0x000005f0      0x320 build/stm32f1xx_ll_usb.o
 .debug_ranges  0x00000910       0xd0 build/stm32f1xx_hal.o
 .debug_ranges  0x000009e0       0xa0 build/stm32f1xx_hal_rcc.o
 .debug_ranges  0x00000a80       0x38 build/stm32f1xx_hal_rcc_ex.o
 .debug_ranges  0x00000ab8       0x48 build/stm32f1xx_hal_gpio.o
 .debug_ranges  0x00000b00       0xb0 build/stm32f1xx_hal_cortex.o
 .debug_ranges  0x00000bb0      0x3c0 build/stm32f1xx_hal_tim.o
 .debug_ranges  0x00000f70      0x158 build/stm32f1xx_hal_tim_ex.o
 .debug_ranges  0x000010c8      0x210 build/stm32f1xx_hal_uart.o
 .debug_ranges  0x000012d8       0x18 build/system_stm32f1xx.o
 .debug_ranges  0x000012f0       0xa8 build/usbd_core.o
 .debug_ranges  0x00001398       0x78 build/usbd_ctlreq.o
 .debug_ranges  0x00001410       0x40 build/usbd_ioreq.o
 .debug_ranges  0x00001450       0x80 build/usbd_cdc.o
 .debug_ranges  0x000014d0       0x20 build/startup_stm32f103xb.o

.debug_line     0x00000000    0x12fdc
 .debug_line    0x00000000      0xc0d build/main.o
 .debug_line    0x00000c0d      0x331 build/stm32f1xx_it.o
 .debug_line    0x00000f3e      0x36d build/stm32f1xx_hal_msp.o
 .debug_line    0x000012ab      0x273 build/usb_device.o
 .debug_line    0x0000151e      0x38e build/usbd_desc.o
 .debug_line    0x000018ac      0x2a1 build/usbd_cdc_if.o
 .debug_line    0x00001b4d      0x7f7 build/usbd_conf.o
 .debug_line    0x00002344     0x186e build/stm32f1xx_hal_pcd.o
 .debug_line    0x00003bb2      0x2cd build/stm32f1xx_hal_pcd_ex.o
 .debug_line    0x00003e7f     0x17b0 build/stm32f1xx_ll_usb.o
 .debug_line    0x0000562f      0x568 build/stm32f1xx_hal.o
 .debug_line    0x00005b97      0xce4 build/stm32f1xx_hal_rcc.o
 .debug_line    0x0000687b      0x4e4 build/stm32f1xx_hal_rcc_ex.o
 .debug_line    0x00006d5f      0x60a build/stm32f1xx_hal_gpio.o
 .debug_line    0x00007369      0x6e1 build/stm32f1xx_hal_cortex.o
 .debug_line    0x00007a4a     0x4659 build/stm32f1xx_hal_tim.o
 .debug_line    0x0000c0a3     0x1a26 build/stm32f1xx_hal_tim_ex.o
 .debug_line    0x0000dac9     0x34d9 build/stm32f1xx_hal_uart.o
 .debug_line    0x00010fa2      0x27f build/system_stm32f1xx.o
 .debug_line    0x00011221      0x753 build/usbd_core.o
 .debug_line    0x00011974      0xb1e build/usbd_ctlreq.o
 .debug_line    0x00012492      0x2de build/usbd_ioreq.o
 .debug_line    0x00012770      0x7fb build/usbd_cdc.o
 .debug_line    0x00012f6b       0x71 build/startup_stm32f103xb.o

.debug_str      0x00000000     0x4e8d
 .debug_str     0x00000000     0x4e8d build/main.o
                                0xefe (size before relaxing)
 .debug_str     0x00004e8d      0xa61 build/stm32f1xx_it.o
 .debug_str     0x00004e8d      0xcb5 build/stm32f1xx_hal_msp.o
 .debug_str     0x00004e8d      0x63c build/usb_device.o
 .debug_str     0x00004e8d      0x434 build/usbd_desc.o
 .debug_str     0x00004e8d      0x6f0 build/usbd_cdc_if.o
 .debug_str     0x00004e8d     0x1194 build/usbd_conf.o
 .debug_str     0x00004e8d      0xb06 build/stm32f1xx_hal_pcd.o
 .debug_str     0x00004e8d      0x6b6 build/stm32f1xx_hal_pcd_ex.o
 .debug_str     0x00004e8d      0x708 build/stm32f1xx_ll_usb.o
 .debug_str     0x00004e8d      0x811 build/stm32f1xx_hal.o
 .debug_str     0x00004e8d      0x60e build/stm32f1xx_hal_rcc.o
 .debug_str     0x00004e8d      0x3b6 build/stm32f1xx_hal_rcc_ex.o
 .debug_str     0x00004e8d      0x3e3 build/stm32f1xx_hal_gpio.o
 .debug_str     0x00004e8d      0x8b6 build/stm32f1xx_hal_cortex.o
 .debug_str     0x00004e8d     0x1668 build/stm32f1xx_hal_tim.o
 .debug_str     0x00004e8d      0xe74 build/stm32f1xx_hal_tim_ex.o
 .debug_str     0x00004e8d      0xcd7 build/stm32f1xx_hal_uart.o
 .debug_str     0x00004e8d      0x237 build/system_stm32f1xx.o
 .debug_str     0x00004e8d      0x814 build/usbd_core.o
 .debug_str     0x00004e8d      0x72e build/usbd_ctlreq.o
 .debug_str     0x00004e8d      0x65b build/usbd_ioreq.o
 .debug_str     0x00004e8d      0xc07 build/usbd_cdc.o
 .debug_str     0x00004e8d       0x6e build/startup_stm32f103xb.o

.debug_frame    0x00000000     0x37f8
 .debug_frame   0x00000000      0x1dc build/main.o
 .debug_frame   0x000001dc       0xd8 build/stm32f1xx_it.o
 .debug_frame   0x000002b4       0x94 build/stm32f1xx_hal_msp.o
 .debug_frame   0x00000348       0x28 build/usb_device.o
 .debug_frame   0x00000370       0xe0 build/usbd_desc.o
 .debug_frame   0x00000450       0x78 build/usbd_cdc_if.o
 .debug_frame   0x000004c8      0x2ec build/usbd_conf.o
 .debug_frame   0x000007b4      0x358 build/stm32f1xx_hal_pcd.o
 .debug_frame   0x00000b0c       0x50 build/stm32f1xx_hal_pcd_ex.o
 .debug_frame   0x00000b5c      0x200 build/stm32f1xx_ll_usb.o
 .debug_frame   0x00000d5c      0x1cc build/stm32f1xx_hal.o
 .debug_frame   0x00000f28      0x184 build/stm32f1xx_hal_rcc.o
 .debug_frame   0x000010ac       0x5c build/stm32f1xx_hal_rcc_ex.o
 .debug_frame   0x00001108       0xe4 build/stm32f1xx_hal_gpio.o
 .debug_frame   0x000011ec      0x19c build/stm32f1xx_hal_cortex.o
 .debug_frame   0x00001388      0xb18 build/stm32f1xx_hal_tim.o
 .debug_frame   0x00001ea0      0x418 build/stm32f1xx_hal_tim_ex.o
 .debug_frame   0x000022b8      0x5dc build/stm32f1xx_hal_uart.o
 .debug_frame   0x00002894       0x30 build/system_stm32f1xx.o
 .debug_frame   0x000028c4      0x1c4 build/usbd_core.o
 .debug_frame   0x00002a88      0x178 build/usbd_ctlreq.o
 .debug_frame   0x00002c00       0xb8 build/usbd_ioreq.o
 .debug_frame   0x00002cb8      0x160 build/usbd_cdc.o
 .debug_frame   0x00002e18      0x144 C:/ST/STM32CubeCLT_1.18.0/GNU-tools-for-STM32/bin/../lib/gcc/arm-none-eabi/13.3.1/../../../../arm-none-eabi/lib/thumb/v7-m/nofp\libc_nano.a(libc_a-findfp.o)
 .debug_frame   0x00002f5c       0x34 C:/ST/STM32CubeCLT_1.18.0/GNU-tools-for-STM32/bin/../lib/gcc/arm-none-eabi/13.3.1/../../../../arm-none-eabi/lib/thumb/v7-m/nofp\libc_nano.a(libc_a-fwalk.o)
 .debug_frame   0x00002f90       0x30 C:/ST/STM32CubeCLT_1.18.0/GNU-tools-for-STM32/bin/../lib/gcc/arm-none-eabi/13.3.1/../../../../arm-none-eabi/lib/thumb/v7-m/nofp\libc_nano.a(libc_a-putchar.o)
 .debug_frame   0x00002fc0       0x3c C:/ST/STM32CubeCLT_1.18.0/GNU-tools-for-STM32/bin/../lib/gcc/arm-none-eabi/13.3.1/../../../../arm-none-eabi/lib/thumb/v7-m/nofp\libc_nano.a(libc_a-puts.o)
 .debug_frame   0x00002ffc       0x74 C:/ST/STM32CubeCLT_1.18.0/GNU-tools-for-STM32/bin/../lib/gcc/arm-none-eabi/13.3.1/../../../../arm-none-eabi/lib/thumb/v7-m/nofp\libc_nano.a(libc_a-sprintf.o)
 .debug_frame   0x00003070       0x88 C:/ST/STM32CubeCLT_1.18.0/GNU-tools-for-STM32/bin/../lib/gcc/arm-none-eabi/13.3.1/../../../../arm-none-eabi/lib/thumb/v7-m/nofp\libc_nano.a(libc_a-stdio.o)
 .debug_frame   0x000030f8       0x40 C:/ST/STM32CubeCLT_1.18.0/GNU-tools-for-STM32/bin/../lib/gcc/arm-none-eabi/13.3.1/../../../../arm-none-eabi/lib/thumb/v7-m/nofp\libc_nano.a(libc_a-wbuf.o)
 .debug_frame   0x00003138       0x2c C:/ST/STM32CubeCLT_1.18.0/GNU-tools-for-STM32/bin/../lib/gcc/arm-none-eabi/13.3.1/../../../../arm-none-eabi/lib/thumb/v7-m/nofp\libc_nano.a(libc_a-wsetup.o)
 .debug_frame   0x00003164       0x20 C:/ST/STM32CubeCLT_1.18.0/GNU-tools-for-STM32/bin/../lib/gcc/arm-none-eabi/13.3.1/../../../../arm-none-eabi/lib/thumb/v7-m/nofp\libc_nano.a(libc_a-memset.o)
 .debug_frame   0x00003184       0x2c C:/ST/STM32CubeCLT_1.18.0/GNU-tools-for-STM32/bin/../lib/gcc/arm-none-eabi/13.3.1/../../../../arm-none-eabi/lib/thumb/v7-m/nofp\libc_nano.a(libc_a-closer.o)
 .debug_frame   0x000031b0       0x38 C:/ST/STM32CubeCLT_1.18.0/GNU-tools-for-STM32/bin/../lib/gcc/arm-none-eabi/13.3.1/../../../../arm-none-eabi/lib/thumb/v7-m/nofp\libc_nano.a(libc_a-reent.o)
 .debug_frame   0x000031e8       0x2c C:/ST/STM32CubeCLT_1.18.0/GNU-tools-for-STM32/bin/../lib/gcc/arm-none-eabi/13.3.1/../../../../arm-none-eabi/lib/thumb/v7-m/nofp\libc_nano.a(libc_a-lseekr.o)
 .debug_frame   0x00003214       0x2c C:/ST/STM32CubeCLT_1.18.0/GNU-tools-for-STM32/bin/../lib/gcc/arm-none-eabi/13.3.1/../../../../arm-none-eabi/lib/thumb/v7-m/nofp\libc_nano.a(libc_a-readr.o)
 .debug_frame   0x00003240       0x2c C:/ST/STM32CubeCLT_1.18.0/GNU-tools-for-STM32/bin/../lib/gcc/arm-none-eabi/13.3.1/../../../../arm-none-eabi/lib/thumb/v7-m/nofp\libc_nano.a(libc_a-writer.o)
 .debug_frame   0x0000326c       0x2c C:/ST/STM32CubeCLT_1.18.0/GNU-tools-for-STM32/bin/../lib/gcc/arm-none-eabi/13.3.1/../../../../arm-none-eabi/lib/thumb/v7-m/nofp\libc_nano.a(libc_a-init.o)
 .debug_frame   0x00003298       0xb0 C:/ST/STM32CubeCLT_1.18.0/GNU-tools-for-STM32/bin/../lib/gcc/arm-none-eabi/13.3.1/../../../../arm-none-eabi/lib/thumb/v7-m/nofp\libc_nano.a(libc_a-lock.o)
 .debug_frame   0x00003348       0x28 C:/ST/STM32CubeCLT_1.18.0/GNU-tools-for-STM32/bin/../lib/gcc/arm-none-eabi/13.3.1/../../../../arm-none-eabi/lib/thumb/v7-m/nofp\libc_nano.a(libc_a-memcpy-stub.o)
 .debug_frame   0x00003370       0x38 C:/ST/STM32CubeCLT_1.18.0/GNU-tools-for-STM32/bin/../lib/gcc/arm-none-eabi/13.3.1/../../../../arm-none-eabi/lib/thumb/v7-m/nofp\libc_nano.a(libc_a-freer.o)
 .debug_frame   0x000033a8       0x50 C:/ST/STM32CubeCLT_1.18.0/GNU-tools-for-STM32/bin/../lib/gcc/arm-none-eabi/13.3.1/../../../../arm-none-eabi/lib/thumb/v7-m/nofp\libc_nano.a(libc_a-mallocr.o)
 .debug_frame   0x000033f8       0x30 C:/ST/STM32CubeCLT_1.18.0/GNU-tools-for-STM32/bin/../lib/gcc/arm-none-eabi/13.3.1/../../../../arm-none-eabi/lib/thumb/v7-m/nofp\libc_nano.a(libc_a-mlock.o)
 .debug_frame   0x00003428       0x90 C:/ST/STM32CubeCLT_1.18.0/GNU-tools-for-STM32/bin/../lib/gcc/arm-none-eabi/13.3.1/../../../../arm-none-eabi/lib/thumb/v7-m/nofp\libc_nano.a(libc_a-nano-svfprintf.o)
 .debug_frame   0x000034b8       0x60 C:/ST/STM32CubeCLT_1.18.0/GNU-tools-for-STM32/bin/../lib/gcc/arm-none-eabi/13.3.1/../../../../arm-none-eabi/lib/thumb/v7-m/nofp\libc_nano.a(libc_a-nano-vfprintf_i.o)
 .debug_frame   0x00003518       0x5c C:/ST/STM32CubeCLT_1.18.0/GNU-tools-for-STM32/bin/../lib/gcc/arm-none-eabi/13.3.1/../../../../arm-none-eabi/lib/thumb/v7-m/nofp\libc_nano.a(libc_a-fflush.o)
 .debug_frame   0x00003574       0x58 C:/ST/STM32CubeCLT_1.18.0/GNU-tools-for-STM32/bin/../lib/gcc/arm-none-eabi/13.3.1/../../../../arm-none-eabi/lib/thumb/v7-m/nofp\libc_nano.a(libc_a-makebuf.o)
 .debug_frame   0x000035cc       0x3c C:/ST/STM32CubeCLT_1.18.0/GNU-tools-for-STM32/bin/../lib/gcc/arm-none-eabi/13.3.1/../../../../arm-none-eabi/lib/thumb/v7-m/nofp\libc_nano.a(libc_a-putc.o)
 .debug_frame   0x00003608       0x28 C:/ST/STM32CubeCLT_1.18.0/GNU-tools-for-STM32/bin/../lib/gcc/arm-none-eabi/13.3.1/../../../../arm-none-eabi/lib/thumb/v7-m/nofp\libc_nano.a(libc_a-memmove.o)
 .debug_frame   0x00003630       0x2c C:/ST/STM32CubeCLT_1.18.0/GNU-tools-for-STM32/bin/../lib/gcc/arm-none-eabi/13.3.1/../../../../arm-none-eabi/lib/thumb/v7-m/nofp\libc_nano.a(libc_a-fstatr.o)
 .debug_frame   0x0000365c       0x2c C:/ST/STM32CubeCLT_1.18.0/GNU-tools-for-STM32/bin/../lib/gcc/arm-none-eabi/13.3.1/../../../../arm-none-eabi/lib/thumb/v7-m/nofp\libc_nano.a(libc_a-isattyr.o)
 .debug_frame   0x00003688       0x2c C:/ST/STM32CubeCLT_1.18.0/GNU-tools-for-STM32/bin/../lib/gcc/arm-none-eabi/13.3.1/../../../../arm-none-eabi/lib/thumb/v7-m/nofp\libc_nano.a(libc_a-sbrkr.o)